
2026-05-19 12:42:01 ⚡ INFO   lib2k26 
========================================================
   __    __  ___    ___      ___    
  / /   / / / o.)  /_  ) /7 /_  ),'7
 / /_  / / / o \   ,'c' //_7,'c'/o \
/___/ /_/ /___,'  (___7//\\(___7|_,'  ⚡
========================================================

2026-05-19 12:42:01 ⚡ INFO   lib2k26 ⚡ Snapshot is stale or missing. Running snapshot now.
2026-05-19 12:42:01 ⚡ INFO   lib2k26 ⚡ Fetching table list for base=appyqjuyl4yAziSAf
2026-05-19 12:42:02 ⚡ INFO   lib2k26 ⚡ Snapshotting table Artists [MASTER] (tbl8syqrpVzlV4Exz)
2026-05-19 12:42:05 ⚡ INFO   lib2k26 ⚡ Snapshotting table Intake – Artist Advance (tblJv94LCGwDv6iOi)
2026-05-19 12:42:07 ⚡ INFO   lib2k26 ⚡ Snapshotting table Set Times (tblN3OkGOiLweKWdr)
2026-05-19 12:42:09 ⚡ INFO   lib2k26 ⚡ Snapshotting table Stages (tblahLmh5y8gtoBd4)
2026-05-19 12:42:09 ⚡ INFO   lib2k26 ⚡ Snapshotting table Contacts (tblLgqO7BGeGp3W6r)
2026-05-19 12:42:12 ⚡ INFO   lib2k26 ⚡ Snapshotting table Green Room Sched (tbloGmPuUSEuYt3ry)
2026-05-19 12:42:12 ⚡ INFO   lib2k26 ⚡ Snapshotting table Hospitality (tblL2lc2cKbd6Ihls)
2026-05-19 12:42:17 ⚡ INFO   lib2k26 ⚡ Snapshotting table Hard Assets Placement (tblwb37r51zDQLWOg)
2026-05-19 12:42:18 ⚡ INFO   lib2k26 ⚡ Snapshotting table Hospo Drop Loocations (tblT4LysrUDr0rLKP)
2026-05-19 12:42:18 ⚡ INFO   lib2k26 ⚡ Snapshotting table Hospo Staff (tblLs31g1UyePEM9l)
2026-05-19 12:42:19 ⚡ INFO   lib2k26 ⚡ Snapshotting table Hospo Staff Schedule (tblTLrqHXqqlQS8gi)
2026-05-19 12:42:19 ⚡ INFO   lib2k26 ⚡ Snapshotting table Master Drop Schedule (tblTW11834CCfJLwp)
2026-05-19 12:42:21 ⚡ INFO   lib2k26 ⚡ Snapshotting table Hospo Drop Packages (tblGrnsU4gkiQSdrk)
2026-05-19 12:42:22 ⚡ INFO   lib2k26 ⚡ Snapshotting table Hospo Package Rules (tbldZGkmJt3ngOayL)
2026-05-19 12:42:22 ⚡ INFO   lib2k26 ⚡ Snapshotting table Sponsorship Inventory (tblU9d4MqSPf7ME89)
2026-05-19 12:42:23 ⚡ INFO   lib2k26 ⚡ Snapshotting table Sponsors (tbldO4AuVzbpx5Qp2)
2026-05-19 12:42:23 ⚡ INFO   lib2k26 ⚡ Snapshotting table Artist Meals (tblggaMH2ox7OjH5p)
2026-05-19 12:42:24 ⚡ INFO   lib2k26 ⚡ Snapshotting table Credentials (tblN7CtBQEbZNr4LF)
2026-05-19 12:42:27 ⚡ INFO   lib2k26 ⚡ Snapshotting table Parking Passes (tbl55AoFxpFY2uxlN)
2026-05-19 12:42:28 ⚡ INFO   lib2k26 ⚡ Snapshotting table ARTIST CAMP - WORKING (tblEJnw2vhQ3STZUA)
2026-05-19 12:42:29 ⚡ INFO   lib2k26 ⚡ Snapshotting table Intake -Artist Camp Advance (tblgOqoIMmvhJv5L9)
2026-05-19 12:42:30 ⚡ INFO   lib2k26 ⚡ Snapshotting table ⛺️ Camp Inventory Pull (2026) (tblqxDuvWHS64Csuy)
2026-05-19 12:42:30 ⚡ INFO   lib2k26 ⚡ Snapshotting table Camp Package Rules (tbl2o1D6T1y0rTXPm)
2026-05-19 12:42:31 ⚡ INFO   lib2k26 ⚡ Snapshotting table Camp Inventory Items 2025 (tblSRk3UWkRuet30P)
2026-05-19 12:42:31 ⚡ INFO   lib2k26 ⚡ Snapshotting table ARTIST CAMP GUESTS (tbllWzqvTWftMcw8m)
2026-05-19 12:42:32 ⚡ INFO   lib2k26 ⚡ Snapshotting table Artist Parking Allocation (tblKRohyFmvRMA6QD)
2026-05-19 12:42:33 ⚡ INFO   lib2k26 ⚡ Snapshotting table Intake - Artist Parking Allocation (tbllliVvTVRVwozbI)
2026-05-19 12:42:33 ⚡ INFO   lib2k26 ⚡ Snapshotting table Intake - Artist Late Night Arrivals (tblHe8QUxnKxg88L6)
2026-05-19 12:42:34 ⚡ INFO   lib2k26 ⚡ Snapshotting table Artist Late Night Arrivals (tbltlcusGyIFgSIoT)
2026-05-19 12:42:34 ⚡ INFO   lib2k26 ⚡ Snapshotting table Intake- Staff Advance (tblA86huuajOVIgJf)
2026-05-19 12:42:35 ⚡ INFO   lib2k26 ⚡ Snapshotting table Staff (tblFrD2ftAM5MT5Si)
2026-05-19 12:42:35 ⚡ INFO   lib2k26 ⚡ Snapshotting table AR LTM (tblc3dPxvCgHqUjgv)
2026-05-19 12:42:42 ⚡ INFO   lib2k26 ⚡ Snapshotting table Tasks (tblhY6yikUSdlUi0p)
2026-05-19 12:42:43 ⚡ INFO   lib2k26 ⚡ Snapshotting table Compass (tblDosZPtHSc0ijwN)
2026-05-19 12:42:43 ⚡ INFO   lib2k26 ⚡ Snapshotting table Intake - Compass Advance (tblkTpXomNG0JmxSR)
2026-05-19 12:42:44 ⚡ INFO   lib2k26 ⚡ Snapshotting table Compass Credentials (tbl5yhlX1s5R8Kf7q)
2026-05-19 12:42:44 ⚡ INFO   lib2k26 ⚡ Snapshotting table 📋 Intake - Transpo (tbl6uY5c8pdPUlpng)
2026-05-19 12:42:45 ⚡ INFO   lib2k26 ⚡ Snapshotting table Expenses (tblcUmYd88vACMdxF)
2026-05-19 12:42:45 ⚡ INFO   lib2k26 ⚡ Snapshotting table Artist Camp (tblZb4345KjxACGMh)
2026-05-19 12:42:46 ⚡ INFO   lib2k26 ⚡ Snapshotting table 🚙 Transpo (tbldUVUIAGQXMr160)
2026-05-19 12:42:47 ⚡ INFO   lib2k26 ⚡ Snapshotting table ROS (tblZM3BaqEGRjwVcS)
2026-05-19 12:42:48 ⚡ INFO   lib2k26 ⚡ Snapshotting table Advance (tblpDz0eBIYml9oxI)
2026-05-19 12:42:48 ⚡ INFO   lib2k26 ⚡ Snapshotting table ✈️ Flights (tblQcIHXNCm4iUiXx)
2026-05-19 12:42:49 ⚡ INFO   lib2k26 ⚡ Snapshotting table Credentials_automation (tblvRJKSSRTLkwcK3)
2026-05-19 12:42:53 ⚡ INFO   lib2k26 ⚡ Base snapshot complete: backups/base_snapshot_appyqjuyl4yAziSAf_20260519T194201Z (44 tables)
2026-05-19 12:43:00 ⚡ INFO   lib2k26 
========================================================
   __    __  ___    ___      ___    
  / /   / / / o.)  /_  ) /7 /_  ),'7
 / /_  / / / o \   ,'c' //_7,'c'/o \
/___/ /_/ /___,'  (___7//\\(___7|_,'  ⚡
========================================================

2026-05-19 12:43:00 ⚡ INFO   lib2k26 ⚡ Snapshot is stale or missing. Running snapshot now.
2026-05-19 12:43:00 ⚡ INFO   lib2k26 ⚡ Fetching table list for base=appyqjuyl4yAziSAf
2026-05-19 12:43:01 ⚡ INFO   lib2k26 ⚡ Snapshotting table Artists [MASTER] (tbl8syqrpVzlV4Exz)
2026-05-19 12:43:04 ⚡ INFO   lib2k26 ⚡ Snapshotting table Intake – Artist Advance (tblJv94LCGwDv6iOi)
2026-05-19 12:43:06 ⚡ INFO   lib2k26 ⚡ Snapshotting table Set Times (tblN3OkGOiLweKWdr)
2026-05-19 12:43:08 ⚡ INFO   lib2k26 ⚡ Snapshotting table Stages (tblahLmh5y8gtoBd4)
2026-05-19 12:43:08 ⚡ INFO   lib2k26 ⚡ Snapshotting table Contacts (tblLgqO7BGeGp3W6r)
2026-05-19 12:43:11 ⚡ INFO   lib2k26 ⚡ Snapshotting table Green Room Sched (tbloGmPuUSEuYt3ry)
2026-05-19 12:43:11 ⚡ INFO   lib2k26 ⚡ Snapshotting table Hospitality (tblL2lc2cKbd6Ihls)
2026-05-19 12:43:16 ⚡ INFO   lib2k26 ⚡ Snapshotting table Hard Assets Placement (tblwb37r51zDQLWOg)
2026-05-19 12:43:17 ⚡ INFO   lib2k26 ⚡ Snapshotting table Hospo Drop Loocations (tblT4LysrUDr0rLKP)
2026-05-19 12:43:17 ⚡ INFO   lib2k26 ⚡ Snapshotting table Hospo Staff (tblLs31g1UyePEM9l)
2026-05-19 12:43:18 ⚡ INFO   lib2k26 ⚡ Snapshotting table Hospo Staff Schedule (tblTLrqHXqqlQS8gi)
2026-05-19 12:43:18 ⚡ INFO   lib2k26 ⚡ Snapshotting table Master Drop Schedule (tblTW11834CCfJLwp)
2026-05-19 12:43:20 ⚡ INFO   lib2k26 ⚡ Snapshotting table Hospo Drop Packages (tblGrnsU4gkiQSdrk)
2026-05-19 12:43:21 ⚡ INFO   lib2k26 ⚡ Snapshotting table Hospo Package Rules (tbldZGkmJt3ngOayL)
2026-05-19 12:43:21 ⚡ INFO   lib2k26 ⚡ Snapshotting table Sponsorship Inventory (tblU9d4MqSPf7ME89)
2026-05-19 12:43:22 ⚡ INFO   lib2k26 ⚡ Snapshotting table Sponsors (tbldO4AuVzbpx5Qp2)
2026-05-19 12:43:22 ⚡ INFO   lib2k26 ⚡ Snapshotting table Artist Meals (tblggaMH2ox7OjH5p)
2026-05-19 12:43:23 ⚡ INFO   lib2k26 ⚡ Snapshotting table Credentials (tblN7CtBQEbZNr4LF)
2026-05-19 12:43:26 ⚡ INFO   lib2k26 ⚡ Snapshotting table Parking Passes (tbl55AoFxpFY2uxlN)
2026-05-19 12:43:27 ⚡ INFO   lib2k26 ⚡ Snapshotting table ARTIST CAMP - WORKING (tblEJnw2vhQ3STZUA)
2026-05-19 12:43:28 ⚡ INFO   lib2k26 ⚡ Snapshotting table Intake -Artist Camp Advance (tblgOqoIMmvhJv5L9)
2026-05-19 12:43:29 ⚡ INFO   lib2k26 ⚡ Snapshotting table ⛺️ Camp Inventory Pull (2026) (tblqxDuvWHS64Csuy)
2026-05-19 12:43:29 ⚡ INFO   lib2k26 ⚡ Snapshotting table Camp Package Rules (tbl2o1D6T1y0rTXPm)
2026-05-19 12:43:30 ⚡ INFO   lib2k26 ⚡ Snapshotting table Camp Inventory Items 2025 (tblSRk3UWkRuet30P)
2026-05-19 12:43:30 ⚡ INFO   lib2k26 ⚡ Snapshotting table ARTIST CAMP GUESTS (tbllWzqvTWftMcw8m)
2026-05-19 12:43:31 ⚡ INFO   lib2k26 ⚡ Snapshotting table Artist Parking Allocation (tblKRohyFmvRMA6QD)
2026-05-19 12:43:31 ⚡ INFO   lib2k26 ⚡ Snapshotting table Intake - Artist Parking Allocation (tbllliVvTVRVwozbI)
2026-05-19 12:43:32 ⚡ INFO   lib2k26 ⚡ Snapshotting table Intake - Artist Late Night Arrivals (tblHe8QUxnKxg88L6)
2026-05-19 12:43:32 ⚡ INFO   lib2k26 ⚡ Snapshotting table Artist Late Night Arrivals (tbltlcusGyIFgSIoT)
2026-05-19 12:43:33 ⚡ INFO   lib2k26 ⚡ Snapshotting table Intake- Staff Advance (tblA86huuajOVIgJf)
2026-05-19 12:43:33 ⚡ INFO   lib2k26 ⚡ Snapshotting table Staff (tblFrD2ftAM5MT5Si)
2026-05-19 12:43:34 ⚡ INFO   lib2k26 ⚡ Snapshotting table AR LTM (tblc3dPxvCgHqUjgv)
2026-05-19 12:43:41 ⚡ INFO   lib2k26 ⚡ Snapshotting table Tasks (tblhY6yikUSdlUi0p)
2026-05-19 12:43:41 ⚡ INFO   lib2k26 ⚡ Snapshotting table Compass (tblDosZPtHSc0ijwN)
2026-05-19 12:43:42 ⚡ INFO   lib2k26 ⚡ Snapshotting table Intake - Compass Advance (tblkTpXomNG0JmxSR)
2026-05-19 12:43:42 ⚡ INFO   lib2k26 ⚡ Snapshotting table Compass Credentials (tbl5yhlX1s5R8Kf7q)
2026-05-19 12:43:43 ⚡ INFO   lib2k26 ⚡ Snapshotting table 📋 Intake - Transpo (tbl6uY5c8pdPUlpng)
2026-05-19 12:43:43 ⚡ INFO   lib2k26 ⚡ Snapshotting table Expenses (tblcUmYd88vACMdxF)
2026-05-19 12:43:44 ⚡ INFO   lib2k26 ⚡ Snapshotting table Artist Camp (tblZb4345KjxACGMh)
2026-05-19 12:43:44 ⚡ INFO   lib2k26 ⚡ Snapshotting table 🚙 Transpo (tbldUVUIAGQXMr160)
2026-05-19 12:43:45 ⚡ INFO   lib2k26 ⚡ Snapshotting table ROS (tblZM3BaqEGRjwVcS)
2026-05-19 12:43:46 ⚡ INFO   lib2k26 ⚡ Snapshotting table Advance (tblpDz0eBIYml9oxI)
2026-05-19 12:43:46 ⚡ INFO   lib2k26 ⚡ Snapshotting table ✈️ Flights (tblQcIHXNCm4iUiXx)
2026-05-19 12:43:48 ⚡ INFO   lib2k26 ⚡ Snapshotting table Credentials_automation (tblvRJKSSRTLkwcK3)
2026-05-19 12:43:51 ⚡ INFO   lib2k26 ⚡ Base snapshot complete: backups/base_snapshot_appyqjuyl4yAziSAf_20260519T194300Z (44 tables)
2026-05-19 12:44:00 ⚡ INFO   lib2k26 
========================================================
   __    __  ___    ___      ___    
  / /   / / / o.)  /_  ) /7 /_  ),'7
 / /_  / / / o \   ,'c' //_7,'c'/o \
/___/ /_/ /___,'  (___7//\\(___7|_,'  ⚡
========================================================

2026-05-19 12:44:00 ⚡ INFO   lib2k26 ⚡ Snapshot is stale or missing. Running snapshot now.
2026-05-19 12:44:00 ⚡ INFO   lib2k26 ⚡ Fetching table list for base=appyqjuyl4yAziSAf
2026-05-19 12:44:01 ⚡ INFO   lib2k26 ⚡ Snapshotting table Artists [MASTER] (tbl8syqrpVzlV4Exz)
2026-05-19 12:44:04 ⚡ INFO   lib2k26 ⚡ Snapshotting table Intake – Artist Advance (tblJv94LCGwDv6iOi)
2026-05-19 12:44:08 ⚡ INFO   lib2k26 ⚡ Snapshotting table Set Times (tblN3OkGOiLweKWdr)
2026-05-19 12:44:10 ⚡ INFO   lib2k26 ⚡ Snapshotting table Stages (tblahLmh5y8gtoBd4)
2026-05-19 12:44:11 ⚡ INFO   lib2k26 ⚡ Snapshotting table Contacts (tblLgqO7BGeGp3W6r)
2026-05-19 12:44:13 ⚡ INFO   lib2k26 ⚡ Snapshotting table Green Room Sched (tbloGmPuUSEuYt3ry)
2026-05-19 12:44:14 ⚡ INFO   lib2k26 ⚡ Snapshotting table Hospitality (tblL2lc2cKbd6Ihls)
2026-05-19 12:44:19 ⚡ INFO   lib2k26 ⚡ Snapshotting table Hard Assets Placement (tblwb37r51zDQLWOg)
2026-05-19 12:44:20 ⚡ INFO   lib2k26 ⚡ Snapshotting table Hospo Drop Loocations (tblT4LysrUDr0rLKP)
2026-05-19 12:44:20 ⚡ INFO   lib2k26 ⚡ Snapshotting table Hospo Staff (tblLs31g1UyePEM9l)
2026-05-19 12:44:21 ⚡ INFO   lib2k26 ⚡ Snapshotting table Hospo Staff Schedule (tblTLrqHXqqlQS8gi)
2026-05-19 12:44:22 ⚡ INFO   lib2k26 ⚡ Snapshotting table Master Drop Schedule (tblTW11834CCfJLwp)
2026-05-19 12:44:23 ⚡ INFO   lib2k26 ⚡ Snapshotting table Hospo Drop Packages (tblGrnsU4gkiQSdrk)
2026-05-19 12:44:24 ⚡ INFO   lib2k26 ⚡ Snapshotting table Hospo Package Rules (tbldZGkmJt3ngOayL)
2026-05-19 12:44:25 ⚡ INFO   lib2k26 ⚡ Snapshotting table Sponsorship Inventory (tblU9d4MqSPf7ME89)
2026-05-19 12:44:26 ⚡ INFO   lib2k26 ⚡ Snapshotting table Sponsors (tbldO4AuVzbpx5Qp2)
2026-05-19 12:44:26 ⚡ INFO   lib2k26 ⚡ Snapshotting table Artist Meals (tblggaMH2ox7OjH5p)
2026-05-19 12:44:27 ⚡ INFO   lib2k26 ⚡ Snapshotting table Credentials (tblN7CtBQEbZNr4LF)
2026-05-19 12:44:30 ⚡ INFO   lib2k26 ⚡ Snapshotting table Parking Passes (tbl55AoFxpFY2uxlN)
2026-05-19 12:44:31 ⚡ INFO   lib2k26 ⚡ Snapshotting table ARTIST CAMP - WORKING (tblEJnw2vhQ3STZUA)
2026-05-19 12:44:32 ⚡ INFO   lib2k26 ⚡ Snapshotting table Intake -Artist Camp Advance (tblgOqoIMmvhJv5L9)
2026-05-19 12:44:33 ⚡ INFO   lib2k26 ⚡ Snapshotting table ⛺️ Camp Inventory Pull (2026) (tblqxDuvWHS64Csuy)
2026-05-19 12:44:34 ⚡ INFO   lib2k26 ⚡ Snapshotting table Camp Package Rules (tbl2o1D6T1y0rTXPm)
2026-05-19 12:44:35 ⚡ INFO   lib2k26 ⚡ Snapshotting table Camp Inventory Items 2025 (tblSRk3UWkRuet30P)
2026-05-19 12:44:35 ⚡ INFO   lib2k26 ⚡ Snapshotting table ARTIST CAMP GUESTS (tbllWzqvTWftMcw8m)
2026-05-19 12:44:36 ⚡ INFO   lib2k26 ⚡ Snapshotting table Artist Parking Allocation (tblKRohyFmvRMA6QD)
2026-05-19 12:44:36 ⚡ INFO   lib2k26 ⚡ Snapshotting table Intake - Artist Parking Allocation (tbllliVvTVRVwozbI)
2026-05-19 12:44:37 ⚡ INFO   lib2k26 ⚡ Snapshotting table Intake - Artist Late Night Arrivals (tblHe8QUxnKxg88L6)
2026-05-19 12:44:38 ⚡ INFO   lib2k26 ⚡ Snapshotting table Artist Late Night Arrivals (tbltlcusGyIFgSIoT)
2026-05-19 12:44:38 ⚡ INFO   lib2k26 ⚡ Snapshotting table Intake- Staff Advance (tblA86huuajOVIgJf)
2026-05-19 12:44:39 ⚡ INFO   lib2k26 ⚡ Snapshotting table Staff (tblFrD2ftAM5MT5Si)
2026-05-19 12:44:39 ⚡ INFO   lib2k26 ⚡ Snapshotting table AR LTM (tblc3dPxvCgHqUjgv)
2026-05-19 12:44:46 ⚡ INFO   lib2k26 ⚡ Snapshotting table Tasks (tblhY6yikUSdlUi0p)
2026-05-19 12:44:47 ⚡ INFO   lib2k26 ⚡ Snapshotting table Compass (tblDosZPtHSc0ijwN)
2026-05-19 12:44:47 ⚡ INFO   lib2k26 ⚡ Snapshotting table Intake - Compass Advance (tblkTpXomNG0JmxSR)
2026-05-19 12:44:48 ⚡ INFO   lib2k26 ⚡ Snapshotting table Compass Credentials (tbl5yhlX1s5R8Kf7q)
2026-05-19 12:44:48 ⚡ INFO   lib2k26 ⚡ Snapshotting table 📋 Intake - Transpo (tbl6uY5c8pdPUlpng)
2026-05-19 12:44:49 ⚡ INFO   lib2k26 ⚡ Snapshotting table Expenses (tblcUmYd88vACMdxF)
2026-05-19 12:44:50 ⚡ INFO   lib2k26 ⚡ Snapshotting table Artist Camp (tblZb4345KjxACGMh)
2026-05-19 12:44:50 ⚡ INFO   lib2k26 ⚡ Snapshotting table 🚙 Transpo (tbldUVUIAGQXMr160)
2026-05-19 12:44:51 ⚡ INFO   lib2k26 ⚡ Snapshotting table ROS (tblZM3BaqEGRjwVcS)
2026-05-19 12:44:52 ⚡ INFO   lib2k26 ⚡ Snapshotting table Advance (tblpDz0eBIYml9oxI)
2026-05-19 12:44:52 ⚡ INFO   lib2k26 ⚡ Snapshotting table ✈️ Flights (tblQcIHXNCm4iUiXx)
2026-05-19 12:44:54 ⚡ INFO   lib2k26 ⚡ Snapshotting table Credentials_automation (tblvRJKSSRTLkwcK3)
2026-05-19 12:44:57 ⚡ INFO   lib2k26 ⚡ Base snapshot complete: backups/base_snapshot_appyqjuyl4yAziSAf_20260519T194400Z (44 tables)
2026-05-19 12:45:00 ⚡ INFO   lib2k26 
========================================================
   __    __  ___    ___      ___    
  / /   / / / o.)  /_  ) /7 /_  ),'7
 / /_  / / / o \   ,'c' //_7,'c'/o \
/___/ /_/ /___,'  (___7//\\(___7|_,'  ⚡
========================================================

2026-05-19 12:45:00 ⚡ INFO   lib2k26 ⚡ Snapshot is stale or missing. Running snapshot now.
2026-05-19 12:45:00 ⚡ INFO   lib2k26 ⚡ Fetching table list for base=appyqjuyl4yAziSAf
2026-05-19 12:45:01 ⚡ INFO   lib2k26 ⚡ Snapshotting table Artists [MASTER] (tbl8syqrpVzlV4Exz)
2026-05-19 12:45:04 ⚡ INFO   lib2k26 ⚡ Snapshotting table Intake – Artist Advance (tblJv94LCGwDv6iOi)
2026-05-19 12:45:07 ⚡ INFO   lib2k26 ⚡ Snapshotting table Set Times (tblN3OkGOiLweKWdr)
2026-05-19 12:45:08 ⚡ INFO   lib2k26 ⚡ Snapshotting table Stages (tblahLmh5y8gtoBd4)
2026-05-19 12:45:09 ⚡ INFO   lib2k26 ⚡ Snapshotting table Contacts (tblLgqO7BGeGp3W6r)
2026-05-19 12:45:11 ⚡ INFO   lib2k26 ⚡ Snapshotting table Green Room Sched (tbloGmPuUSEuYt3ry)
2026-05-19 12:45:11 ⚡ INFO   lib2k26 ⚡ Snapshotting table Hospitality (tblL2lc2cKbd6Ihls)
2026-05-19 12:45:16 ⚡ INFO   lib2k26 ⚡ Snapshotting table Hard Assets Placement (tblwb37r51zDQLWOg)
2026-05-19 12:45:17 ⚡ INFO   lib2k26 ⚡ Snapshotting table Hospo Drop Loocations (tblT4LysrUDr0rLKP)
2026-05-19 12:45:18 ⚡ INFO   lib2k26 ⚡ Snapshotting table Hospo Staff (tblLs31g1UyePEM9l)
2026-05-19 12:45:18 ⚡ INFO   lib2k26 ⚡ Snapshotting table Hospo Staff Schedule (tblTLrqHXqqlQS8gi)
2026-05-19 12:45:19 ⚡ INFO   lib2k26 ⚡ Snapshotting table Master Drop Schedule (tblTW11834CCfJLwp)
2026-05-19 12:45:20 ⚡ INFO   lib2k26 ⚡ Snapshotting table Hospo Drop Packages (tblGrnsU4gkiQSdrk)
2026-05-19 12:45:21 ⚡ INFO   lib2k26 ⚡ Snapshotting table Hospo Package Rules (tbldZGkmJt3ngOayL)
2026-05-19 12:45:22 ⚡ INFO   lib2k26 ⚡ Snapshotting table Sponsorship Inventory (tblU9d4MqSPf7ME89)
2026-05-19 12:45:22 ⚡ INFO   lib2k26 ⚡ Snapshotting table Sponsors (tbldO4AuVzbpx5Qp2)
2026-05-19 12:45:23 ⚡ INFO   lib2k26 ⚡ Snapshotting table Artist Meals (tblggaMH2ox7OjH5p)
2026-05-19 12:45:23 ⚡ INFO   lib2k26 ⚡ Snapshotting table Credentials (tblN7CtBQEbZNr4LF)
2026-05-19 12:45:26 ⚡ INFO   lib2k26 ⚡ Snapshotting table Parking Passes (tbl55AoFxpFY2uxlN)
2026-05-19 12:45:27 ⚡ INFO   lib2k26 ⚡ Snapshotting table ARTIST CAMP - WORKING (tblEJnw2vhQ3STZUA)
2026-05-19 12:45:28 ⚡ INFO   lib2k26 ⚡ Snapshotting table Intake -Artist Camp Advance (tblgOqoIMmvhJv5L9)
2026-05-19 12:45:29 ⚡ INFO   lib2k26 ⚡ Snapshotting table ⛺️ Camp Inventory Pull (2026) (tblqxDuvWHS64Csuy)
2026-05-19 12:45:30 ⚡ INFO   lib2k26 ⚡ Snapshotting table Camp Package Rules (tbl2o1D6T1y0rTXPm)
2026-05-19 12:45:30 ⚡ INFO   lib2k26 ⚡ Snapshotting table Camp Inventory Items 2025 (tblSRk3UWkRuet30P)
2026-05-19 12:45:31 ⚡ INFO   lib2k26 ⚡ Snapshotting table ARTIST CAMP GUESTS (tbllWzqvTWftMcw8m)
2026-05-19 12:45:31 ⚡ INFO   lib2k26 ⚡ Snapshotting table Artist Parking Allocation (tblKRohyFmvRMA6QD)
2026-05-19 12:45:32 ⚡ INFO   lib2k26 ⚡ Snapshotting table Intake - Artist Parking Allocation (tbllliVvTVRVwozbI)
2026-05-19 12:45:32 ⚡ INFO   lib2k26 ⚡ Snapshotting table Intake - Artist Late Night Arrivals (tblHe8QUxnKxg88L6)
2026-05-19 12:45:33 ⚡ INFO   lib2k26 ⚡ Snapshotting table Artist Late Night Arrivals (tbltlcusGyIFgSIoT)
2026-05-19 12:45:33 ⚡ INFO   lib2k26 ⚡ Snapshotting table Intake- Staff Advance (tblA86huuajOVIgJf)
2026-05-19 12:45:34 ⚡ INFO   lib2k26 ⚡ Snapshotting table Staff (tblFrD2ftAM5MT5Si)
2026-05-19 12:45:34 ⚡ INFO   lib2k26 ⚡ Snapshotting table AR LTM (tblc3dPxvCgHqUjgv)
2026-05-19 12:45:41 ⚡ INFO   lib2k26 ⚡ Snapshotting table Tasks (tblhY6yikUSdlUi0p)
2026-05-19 12:45:42 ⚡ INFO   lib2k26 ⚡ Snapshotting table Compass (tblDosZPtHSc0ijwN)
2026-05-19 12:45:42 ⚡ INFO   lib2k26 ⚡ Snapshotting table Intake - Compass Advance (tblkTpXomNG0JmxSR)
2026-05-19 12:45:43 ⚡ INFO   lib2k26 ⚡ Snapshotting table Compass Credentials (tbl5yhlX1s5R8Kf7q)
2026-05-19 12:45:43 ⚡ INFO   lib2k26 ⚡ Snapshotting table 📋 Intake - Transpo (tbl6uY5c8pdPUlpng)
2026-05-19 12:45:44 ⚡ INFO   lib2k26 ⚡ Snapshotting table Expenses (tblcUmYd88vACMdxF)
2026-05-19 12:45:44 ⚡ INFO   lib2k26 ⚡ Snapshotting table Artist Camp (tblZb4345KjxACGMh)
2026-05-19 12:45:45 ⚡ INFO   lib2k26 ⚡ Snapshotting table 🚙 Transpo (tbldUVUIAGQXMr160)
2026-05-19 12:45:46 ⚡ INFO   lib2k26 ⚡ Snapshotting table ROS (tblZM3BaqEGRjwVcS)
2026-05-19 12:45:47 ⚡ INFO   lib2k26 ⚡ Snapshotting table Advance (tblpDz0eBIYml9oxI)
2026-05-19 12:45:47 ⚡ INFO   lib2k26 ⚡ Snapshotting table ✈️ Flights (tblQcIHXNCm4iUiXx)
2026-05-19 12:45:48 ⚡ INFO   lib2k26 ⚡ Snapshotting table Credentials_automation (tblvRJKSSRTLkwcK3)
2026-05-19 12:45:51 ⚡ INFO   lib2k26 ⚡ Base snapshot complete: backups/base_snapshot_appyqjuyl4yAziSAf_20260519T194500Z (44 tables)
2026-05-19 13:00:01 ⚡ INFO   lib2k26 
========================================================
   __    __  ___    ___      ___    
  / /   / / / o.)  /_  ) /7 /_  ),'7
 / /_  / / / o \   ,'c' //_7,'c'/o \
/___/ /_/ /___,'  (___7//\\(___7|_,'  ⚡
========================================================

2026-05-19 13:00:01 ⚡ INFO   lib2k26 ⚡ Snapshot is fresh (14.2 min old). Skipping.
2026-05-19 14:00:01 ⚡ INFO   lib2k26 
========================================================
   __    __  ___    ___      ___    
  / /   / / / o.)  /_  ) /7 /_  ),'7
 / /_  / / / o \   ,'c' //_7,'c'/o \
/___/ /_/ /___,'  (___7//\\(___7|_,'  ⚡
========================================================

2026-05-19 14:00:01 ⚡ INFO   lib2k26 ⚡ Snapshot is stale or missing. Running snapshot now.
2026-05-19 14:00:01 ⚡ INFO   lib2k26 ⚡ Fetching table list for base=appyqjuyl4yAziSAf
Traceback (most recent call last):
  File "/Users/vox/lib/.venv/lib/python3.12/site-packages/urllib3/connection.py", line 204, in _new_conn
    sock = connection.create_connection(
           ^^^^^^^^^^^^^^^^^^^^^^^^^^^^^
  File "/Users/vox/lib/.venv/lib/python3.12/site-packages/urllib3/util/connection.py", line 60, in create_connection
    for res in socket.getaddrinfo(host, port, family, socket.SOCK_STREAM):
               ^^^^^^^^^^^^^^^^^^^^^^^^^^^^^^^^^^^^^^^^^^^^^^^^^^^^^^^^^^
  File "/Users/vox/.local/share/uv/python/cpython-3.12.9-macos-aarch64-none/lib/python3.12/socket.py", line 978, in getaddrinfo
    for res in _socket.getaddrinfo(host, port, family, type, proto, flags):
               ^^^^^^^^^^^^^^^^^^^^^^^^^^^^^^^^^^^^^^^^^^^^^^^^^^^^^^^^^^^
socket.gaierror: [Errno 8] nodename nor servname provided, or not known

The above exception was the direct cause of the following exception:

Traceback (most recent call last):
  File "/Users/vox/lib/.venv/lib/python3.12/site-packages/urllib3/connectionpool.py", line 788, in urlopen
    response = self._make_request(
               ^^^^^^^^^^^^^^^^^^^
  File "/Users/vox/lib/.venv/lib/python3.12/site-packages/urllib3/connectionpool.py", line 488, in _make_request
    raise new_e
  File "/Users/vox/lib/.venv/lib/python3.12/site-packages/urllib3/connectionpool.py", line 464, in _make_request
    self._validate_conn(conn)
  File "/Users/vox/lib/.venv/lib/python3.12/site-packages/urllib3/connectionpool.py", line 1106, in _validate_conn
    conn.connect()
  File "/Users/vox/lib/.venv/lib/python3.12/site-packages/urllib3/connection.py", line 759, in connect
    self.sock = sock = self._new_conn()
                       ^^^^^^^^^^^^^^^^
  File "/Users/vox/lib/.venv/lib/python3.12/site-packages/urllib3/connection.py", line 211, in _new_conn
    raise NameResolutionError(self.host, self, e) from e
urllib3.exceptions.NameResolutionError: HTTPSConnection(host='api.airtable.com', port=443): Failed to resolve 'api.airtable.com' ([Errno 8] nodename nor servname provided, or not known)

The above exception was the direct cause of the following exception:

Traceback (most recent call last):
  File "/Users/vox/lib/.venv/lib/python3.12/site-packages/requests/adapters.py", line 696, in send
    resp = conn.urlopen(
           ^^^^^^^^^^^^^
  File "/Users/vox/lib/.venv/lib/python3.12/site-packages/urllib3/connectionpool.py", line 842, in urlopen
    retries = retries.increment(
              ^^^^^^^^^^^^^^^^^^
  File "/Users/vox/lib/.venv/lib/python3.12/site-packages/urllib3/util/retry.py", line 543, in increment
    raise MaxRetryError(_pool, url, reason) from reason  # type: ignore[arg-type]
    ^^^^^^^^^^^^^^^^^^^^^^^^^^^^^^^^^^^^^^^^^^^^^^^^^^^
urllib3.exceptions.MaxRetryError: HTTPSConnectionPool(host='api.airtable.com', port=443): Max retries exceeded with url: /v0/meta/bases/appyqjuyl4yAziSAf/tables (Caused by NameResolutionError("HTTPSConnection(host='api.airtable.com', port=443): Failed to resolve 'api.airtable.com' ([Errno 8] nodename nor servname provided, or not known)"))

During handling of the above exception, another exception occurred:

Traceback (most recent call last):
  File "/Users/vox/lib/.venv/bin/lib2k26", line 10, in <module>
    sys.exit(main())
             ^^^^^^
  File "/Users/vox/lib/src/airtable_ops_automation/cli.py", line 674, in main
    exit_code = args.func(args)
                ^^^^^^^^^^^^^^^
  File "/Users/vox/lib/src/airtable_ops_automation/cli.py", line 326, in cmd_snapshot_base_if_stale
    return cmd_snapshot_base(args)
           ^^^^^^^^^^^^^^^^^^^^^^^
  File "/Users/vox/lib/src/airtable_ops_automation/cli.py", line 265, in cmd_snapshot_base
    tables = client.list_tables()
             ^^^^^^^^^^^^^^^^^^^^
  File "/Users/vox/lib/src/airtable_ops_automation/airtable.py", line 30, in list_tables
    response = requests.get(
               ^^^^^^^^^^^^^
  File "/Users/vox/lib/.venv/lib/python3.12/site-packages/requests/api.py", line 87, in get
    return request("get", url, params=params, **kwargs)
           ^^^^^^^^^^^^^^^^^^^^^^^^^^^^^^^^^^^^^^^^^^^^
  File "/Users/vox/lib/.venv/lib/python3.12/site-packages/requests/api.py", line 71, in request
    return session.request(method=method, url=url, **kwargs)
           ^^^^^^^^^^^^^^^^^^^^^^^^^^^^^^^^^^^^^^^^^^^^^^^^^
  File "/Users/vox/lib/.venv/lib/python3.12/site-packages/requests/sessions.py", line 651, in request
    resp = self.send(prep, **send_kwargs)
           ^^^^^^^^^^^^^^^^^^^^^^^^^^^^^^
  File "/Users/vox/lib/.venv/lib/python3.12/site-packages/requests/sessions.py", line 784, in send
    r = adapter.send(request, **kwargs)
        ^^^^^^^^^^^^^^^^^^^^^^^^^^^^^^^
  File "/Users/vox/lib/.venv/lib/python3.12/site-packages/requests/adapters.py", line 729, in send
    raise ConnectionError(e, request=request)
requests.exceptions.ConnectionError: HTTPSConnectionPool(host='api.airtable.com', port=443): Max retries exceeded with url: /v0/meta/bases/appyqjuyl4yAziSAf/tables (Caused by NameResolutionError("HTTPSConnection(host='api.airtable.com', port=443): Failed to resolve 'api.airtable.com' ([Errno 8] nodename nor servname provided, or not known)"))
2026-05-19 15:00:01 ⚡ INFO   lib2k26 
========================================================
   __    __  ___    ___      ___    
  / /   / / / o.)  /_  ) /7 /_  ),'7
 / /_  / / / o \   ,'c' //_7,'c'/o \
/___/ /_/ /___,'  (___7//\\(___7|_,'  ⚡
========================================================

2026-05-19 15:00:01 ⚡ INFO   lib2k26 ⚡ Snapshot is stale or missing. Running snapshot now.
2026-05-19 15:00:01 ⚡ INFO   lib2k26 ⚡ Fetching table list for base=appyqjuyl4yAziSAf
2026-05-19 15:00:02 ⚡ INFO   lib2k26 ⚡ Snapshotting table Artists [MASTER] (tbl8syqrpVzlV4Exz)
2026-05-19 15:00:06 ⚡ INFO   lib2k26 ⚡ Snapshotting table Intake – Artist Advance (tblJv94LCGwDv6iOi)
2026-05-19 15:00:10 ⚡ INFO   lib2k26 ⚡ Snapshotting table Set Times (tblN3OkGOiLweKWdr)
2026-05-19 15:00:12 ⚡ INFO   lib2k26 ⚡ Snapshotting table Stages (tblahLmh5y8gtoBd4)
2026-05-19 15:00:13 ⚡ INFO   lib2k26 ⚡ Snapshotting table Contacts (tblLgqO7BGeGp3W6r)
2026-05-19 15:00:17 ⚡ INFO   lib2k26 ⚡ Snapshotting table Green Room Sched (tbloGmPuUSEuYt3ry)
2026-05-19 15:00:17 ⚡ INFO   lib2k26 ⚡ Snapshotting table Hospitality (tblL2lc2cKbd6Ihls)
2026-05-19 15:00:25 ⚡ INFO   lib2k26 ⚡ Snapshotting table Hard Assets Placement (tblwb37r51zDQLWOg)
2026-05-19 15:00:26 ⚡ INFO   lib2k26 ⚡ Snapshotting table Hospo Drop Loocations (tblT4LysrUDr0rLKP)
2026-05-19 15:00:26 ⚡ INFO   lib2k26 ⚡ Snapshotting table Hospo Staff (tblLs31g1UyePEM9l)
2026-05-19 15:00:27 ⚡ INFO   lib2k26 ⚡ Snapshotting table Hospo Staff Schedule (tblTLrqHXqqlQS8gi)
2026-05-19 15:00:28 ⚡ INFO   lib2k26 ⚡ Snapshotting table Master Drop Schedule (tblTW11834CCfJLwp)
2026-05-19 15:00:30 ⚡ INFO   lib2k26 ⚡ Snapshotting table Hospo Drop Packages (tblGrnsU4gkiQSdrk)
2026-05-19 15:00:31 ⚡ INFO   lib2k26 ⚡ Snapshotting table Hospo Package Rules (tbldZGkmJt3ngOayL)
2026-05-19 15:00:32 ⚡ INFO   lib2k26 ⚡ Snapshotting table Sponsorship Inventory (tblU9d4MqSPf7ME89)
2026-05-19 15:00:33 ⚡ INFO   lib2k26 ⚡ Snapshotting table Sponsors (tbldO4AuVzbpx5Qp2)
2026-05-19 15:00:33 ⚡ INFO   lib2k26 ⚡ Snapshotting table Artist Meals (tblggaMH2ox7OjH5p)
2026-05-19 15:00:34 ⚡ INFO   lib2k26 ⚡ Snapshotting table Credentials (tblN7CtBQEbZNr4LF)
2026-05-19 15:00:40 ⚡ INFO   lib2k26 ⚡ Snapshotting table Parking Passes (tbl55AoFxpFY2uxlN)
2026-05-19 15:00:41 ⚡ INFO   lib2k26 ⚡ Snapshotting table ARTIST CAMP - WORKING (tblEJnw2vhQ3STZUA)
2026-05-19 15:00:43 ⚡ INFO   lib2k26 ⚡ Snapshotting table Intake -Artist Camp Advance (tblgOqoIMmvhJv5L9)
2026-05-19 15:00:44 ⚡ INFO   lib2k26 ⚡ Snapshotting table ⛺️ Camp Inventory Pull (2026) (tblqxDuvWHS64Csuy)
2026-05-19 15:00:45 ⚡ INFO   lib2k26 ⚡ Snapshotting table Camp Package Rules (tbl2o1D6T1y0rTXPm)
2026-05-19 15:00:46 ⚡ INFO   lib2k26 ⚡ Snapshotting table Camp Inventory Items 2025 (tblSRk3UWkRuet30P)
2026-05-19 15:00:46 ⚡ INFO   lib2k26 ⚡ Snapshotting table ARTIST CAMP GUESTS (tbllWzqvTWftMcw8m)
2026-05-19 15:00:47 ⚡ INFO   lib2k26 ⚡ Snapshotting table Artist Parking Allocation (tblKRohyFmvRMA6QD)
2026-05-19 15:00:48 ⚡ INFO   lib2k26 ⚡ Snapshotting table Intake - Artist Parking Allocation (tbllliVvTVRVwozbI)
2026-05-19 15:00:49 ⚡ INFO   lib2k26 ⚡ Snapshotting table Intake - Artist Late Night Arrivals (tblHe8QUxnKxg88L6)
2026-05-19 15:00:49 ⚡ INFO   lib2k26 ⚡ Snapshotting table Artist Late Night Arrivals (tbltlcusGyIFgSIoT)
2026-05-19 15:00:50 ⚡ INFO   lib2k26 ⚡ Snapshotting table Intake- Staff Advance (tblA86huuajOVIgJf)
2026-05-19 15:00:51 ⚡ INFO   lib2k26 ⚡ Snapshotting table Staff (tblFrD2ftAM5MT5Si)
2026-05-19 15:00:52 ⚡ INFO   lib2k26 ⚡ Snapshotting table AR LTM (tblc3dPxvCgHqUjgv)
2026-05-19 15:01:02 ⚡ INFO   lib2k26 ⚡ Snapshotting table Tasks (tblhY6yikUSdlUi0p)
2026-05-19 15:01:03 ⚡ INFO   lib2k26 ⚡ Snapshotting table Compass (tblDosZPtHSc0ijwN)
2026-05-19 15:01:04 ⚡ INFO   lib2k26 ⚡ Snapshotting table Intake - Compass Advance (tblkTpXomNG0JmxSR)
2026-05-19 15:01:05 ⚡ INFO   lib2k26 ⚡ Snapshotting table Compass Credentials (tbl5yhlX1s5R8Kf7q)
2026-05-19 15:01:05 ⚡ INFO   lib2k26 ⚡ Snapshotting table 📋 Intake - Transpo (tbl6uY5c8pdPUlpng)
2026-05-19 15:01:06 ⚡ INFO   lib2k26 ⚡ Snapshotting table Expenses (tblcUmYd88vACMdxF)
2026-05-19 15:01:07 ⚡ INFO   lib2k26 ⚡ Snapshotting table Artist Camp (tblZb4345KjxACGMh)
2026-05-19 15:01:08 ⚡ INFO   lib2k26 ⚡ Snapshotting table 🚙 Transpo (tbldUVUIAGQXMr160)
2026-05-19 15:01:10 ⚡ INFO   lib2k26 ⚡ Snapshotting table ROS (tblZM3BaqEGRjwVcS)
2026-05-19 15:01:10 ⚡ INFO   lib2k26 ⚡ Snapshotting table Advance (tblpDz0eBIYml9oxI)
2026-05-19 15:01:11 ⚡ INFO   lib2k26 ⚡ Snapshotting table ✈️ Flights (tblQcIHXNCm4iUiXx)
2026-05-19 15:01:13 ⚡ INFO   lib2k26 ⚡ Snapshotting table Credentials_automation (tblvRJKSSRTLkwcK3)
2026-05-19 15:01:17 ⚡ INFO   lib2k26 ⚡ Base snapshot complete: backups/base_snapshot_appyqjuyl4yAziSAf_20260519T220001Z (44 tables)
2026-05-19 16:00:00 ⚡ INFO   lib2k26 
========================================================
   __    __  ___    ___      ___    
  / /   / / / o.)  /_  ) /7 /_  ),'7
 / /_  / / / o \   ,'c' //_7,'c'/o \
/___/ /_/ /___,'  (___7//\\(___7|_,'  ⚡
========================================================

2026-05-19 16:00:00 ⚡ INFO   lib2k26 ⚡ Snapshot is fresh (58.7 min old). Skipping.
2026-05-19 17:00:01 ⚡ INFO   lib2k26 
========================================================
   __    __  ___    ___      ___    
  / /   / / / o.)  /_  ) /7 /_  ),'7
 / /_  / / / o \   ,'c' //_7,'c'/o \
/___/ /_/ /___,'  (___7//\\(___7|_,'  ⚡
========================================================

2026-05-19 17:00:01 ⚡ INFO   lib2k26 ⚡ Snapshot is stale or missing. Running snapshot now.
2026-05-19 17:00:01 ⚡ INFO   lib2k26 ⚡ Fetching table list for base=appyqjuyl4yAziSAf
2026-05-19 17:00:02 ⚡ INFO   lib2k26 ⚡ Snapshotting table Artists [MASTER] (tbl8syqrpVzlV4Exz)
2026-05-19 17:00:05 ⚡ INFO   lib2k26 ⚡ Snapshotting table Intake – Artist Advance (tblJv94LCGwDv6iOi)
2026-05-19 17:00:08 ⚡ INFO   lib2k26 ⚡ Snapshotting table Set Times (tblN3OkGOiLweKWdr)
2026-05-19 17:00:10 ⚡ INFO   lib2k26 ⚡ Snapshotting table Stages (tblahLmh5y8gtoBd4)
2026-05-19 17:00:10 ⚡ INFO   lib2k26 ⚡ Snapshotting table Contacts (tblLgqO7BGeGp3W6r)
2026-05-19 17:00:14 ⚡ INFO   lib2k26 ⚡ Snapshotting table Green Room Sched (tbloGmPuUSEuYt3ry)
2026-05-19 17:00:14 ⚡ INFO   lib2k26 ⚡ Snapshotting table Hospitality (tblL2lc2cKbd6Ihls)
2026-05-19 17:00:20 ⚡ INFO   lib2k26 ⚡ Snapshotting table Hard Assets Placement (tblwb37r51zDQLWOg)
2026-05-19 17:00:20 ⚡ INFO   lib2k26 ⚡ Snapshotting table Hospo Drop Loocations (tblT4LysrUDr0rLKP)
2026-05-19 17:00:21 ⚡ INFO   lib2k26 ⚡ Snapshotting table Hospo Staff (tblLs31g1UyePEM9l)
2026-05-19 17:00:21 ⚡ INFO   lib2k26 ⚡ Snapshotting table Hospo Staff Schedule (tblTLrqHXqqlQS8gi)
2026-05-19 17:00:22 ⚡ INFO   lib2k26 ⚡ Snapshotting table Master Drop Schedule (tblTW11834CCfJLwp)
2026-05-19 17:00:23 ⚡ INFO   lib2k26 ⚡ Snapshotting table Hospo Drop Packages (tblGrnsU4gkiQSdrk)
2026-05-19 17:00:25 ⚡ INFO   lib2k26 ⚡ Snapshotting table Hospo Package Rules (tbldZGkmJt3ngOayL)
2026-05-19 17:00:26 ⚡ INFO   lib2k26 ⚡ Snapshotting table Sponsorship Inventory (tblU9d4MqSPf7ME89)
2026-05-19 17:00:26 ⚡ INFO   lib2k26 ⚡ Snapshotting table Sponsors (tbldO4AuVzbpx5Qp2)
2026-05-19 17:00:27 ⚡ INFO   lib2k26 ⚡ Snapshotting table Artist Meals (tblggaMH2ox7OjH5p)
2026-05-19 17:00:27 ⚡ INFO   lib2k26 ⚡ Snapshotting table Credentials (tblN7CtBQEbZNr4LF)
2026-05-19 17:00:30 ⚡ INFO   lib2k26 ⚡ Snapshotting table Parking Passes (tbl55AoFxpFY2uxlN)
2026-05-19 17:00:31 ⚡ INFO   lib2k26 ⚡ Snapshotting table ARTIST CAMP - WORKING (tblEJnw2vhQ3STZUA)
2026-05-19 17:00:32 ⚡ INFO   lib2k26 ⚡ Snapshotting table Intake -Artist Camp Advance (tblgOqoIMmvhJv5L9)
2026-05-19 17:00:33 ⚡ INFO   lib2k26 ⚡ Snapshotting table ⛺️ Camp Inventory Pull (2026) (tblqxDuvWHS64Csuy)
2026-05-19 17:00:34 ⚡ INFO   lib2k26 ⚡ Snapshotting table Camp Package Rules (tbl2o1D6T1y0rTXPm)
2026-05-19 17:00:34 ⚡ INFO   lib2k26 ⚡ Snapshotting table Camp Inventory Items 2025 (tblSRk3UWkRuet30P)
2026-05-19 17:00:35 ⚡ INFO   lib2k26 ⚡ Snapshotting table ARTIST CAMP GUESTS (tbllWzqvTWftMcw8m)
2026-05-19 17:00:35 ⚡ INFO   lib2k26 ⚡ Snapshotting table Artist Parking Allocation (tblKRohyFmvRMA6QD)
2026-05-19 17:00:36 ⚡ INFO   lib2k26 ⚡ Snapshotting table Intake - Artist Parking Allocation (tbllliVvTVRVwozbI)
2026-05-19 17:00:36 ⚡ INFO   lib2k26 ⚡ Snapshotting table Intake - Artist Late Night Arrivals (tblHe8QUxnKxg88L6)
2026-05-19 17:00:37 ⚡ INFO   lib2k26 ⚡ Snapshotting table Artist Late Night Arrivals (tbltlcusGyIFgSIoT)
2026-05-19 17:00:38 ⚡ INFO   lib2k26 ⚡ Snapshotting table Intake- Staff Advance (tblA86huuajOVIgJf)
2026-05-19 17:00:38 ⚡ INFO   lib2k26 ⚡ Snapshotting table Staff (tblFrD2ftAM5MT5Si)
2026-05-19 17:00:39 ⚡ INFO   lib2k26 ⚡ Snapshotting table AR LTM (tblc3dPxvCgHqUjgv)
2026-05-19 17:00:46 ⚡ INFO   lib2k26 ⚡ Snapshotting table Tasks (tblhY6yikUSdlUi0p)
2026-05-19 17:00:47 ⚡ INFO   lib2k26 ⚡ Snapshotting table Compass (tblDosZPtHSc0ijwN)
2026-05-19 17:00:47 ⚡ INFO   lib2k26 ⚡ Snapshotting table Intake - Compass Advance (tblkTpXomNG0JmxSR)
2026-05-19 17:00:48 ⚡ INFO   lib2k26 ⚡ Snapshotting table Compass Credentials (tbl5yhlX1s5R8Kf7q)
2026-05-19 17:00:48 ⚡ INFO   lib2k26 ⚡ Snapshotting table 📋 Intake - Transpo (tbl6uY5c8pdPUlpng)
2026-05-19 17:00:49 ⚡ INFO   lib2k26 ⚡ Snapshotting table Expenses (tblcUmYd88vACMdxF)
2026-05-19 17:00:49 ⚡ INFO   lib2k26 ⚡ Snapshotting table Artist Camp (tblZb4345KjxACGMh)
2026-05-19 17:00:50 ⚡ INFO   lib2k26 ⚡ Snapshotting table 🚙 Transpo (tbldUVUIAGQXMr160)
2026-05-19 17:00:51 ⚡ INFO   lib2k26 ⚡ Snapshotting table ROS (tblZM3BaqEGRjwVcS)
2026-05-19 17:00:52 ⚡ INFO   lib2k26 ⚡ Snapshotting table Advance (tblpDz0eBIYml9oxI)
2026-05-19 17:00:52 ⚡ INFO   lib2k26 ⚡ Snapshotting table ✈️ Flights (tblQcIHXNCm4iUiXx)
2026-05-19 17:00:54 ⚡ INFO   lib2k26 ⚡ Snapshotting table Credentials_automation (tblvRJKSSRTLkwcK3)
2026-05-19 17:00:57 ⚡ INFO   lib2k26 ⚡ Base snapshot complete: backups/base_snapshot_appyqjuyl4yAziSAf_20260520T000001Z (44 tables)
2026-05-19 18:00:01 ⚡ INFO   lib2k26 
========================================================
   __    __  ___    ___      ___    
  / /   / / / o.)  /_  ) /7 /_  ),'7
 / /_  / / / o \   ,'c' //_7,'c'/o \
/___/ /_/ /___,'  (___7//\\(___7|_,'  ⚡
========================================================

2026-05-19 18:00:01 ⚡ INFO   lib2k26 ⚡ Snapshot is fresh (59.1 min old). Skipping.
2026-05-19 19:00:01 ⚡ INFO   lib2k26 
========================================================
   __    __  ___    ___      ___    
  / /   / / / o.)  /_  ) /7 /_  ),'7
 / /_  / / / o \   ,'c' //_7,'c'/o \
/___/ /_/ /___,'  (___7//\\(___7|_,'  ⚡
========================================================

2026-05-19 19:00:01 ⚡ INFO   lib2k26 ⚡ Snapshot is stale or missing. Running snapshot now.
2026-05-19 19:00:01 ⚡ INFO   lib2k26 ⚡ Fetching table list for base=appyqjuyl4yAziSAf
2026-05-19 19:00:02 ⚡ INFO   lib2k26 ⚡ Snapshotting table Artists [MASTER] (tbl8syqrpVzlV4Exz)
2026-05-19 19:00:05 ⚡ INFO   lib2k26 ⚡ Snapshotting table Intake – Artist Advance (tblJv94LCGwDv6iOi)
2026-05-19 19:00:08 ⚡ INFO   lib2k26 ⚡ Snapshotting table Set Times (tblN3OkGOiLweKWdr)
2026-05-19 19:00:10 ⚡ INFO   lib2k26 ⚡ Snapshotting table Stages (tblahLmh5y8gtoBd4)
2026-05-19 19:00:10 ⚡ INFO   lib2k26 ⚡ Snapshotting table Contacts (tblLgqO7BGeGp3W6r)
2026-05-19 19:00:13 ⚡ INFO   lib2k26 ⚡ Snapshotting table Green Room Sched (tbloGmPuUSEuYt3ry)
2026-05-19 19:00:13 ⚡ INFO   lib2k26 ⚡ Snapshotting table Hospitality (tblL2lc2cKbd6Ihls)
2026-05-19 19:00:19 ⚡ INFO   lib2k26 ⚡ Snapshotting table Hard Assets Placement (tblwb37r51zDQLWOg)
2026-05-19 19:00:19 ⚡ INFO   lib2k26 ⚡ Snapshotting table Hospo Drop Loocations (tblT4LysrUDr0rLKP)
2026-05-19 19:00:20 ⚡ INFO   lib2k26 ⚡ Snapshotting table Hospo Staff (tblLs31g1UyePEM9l)
2026-05-19 19:00:20 ⚡ INFO   lib2k26 ⚡ Snapshotting table Hospo Staff Schedule (tblTLrqHXqqlQS8gi)
2026-05-19 19:00:21 ⚡ INFO   lib2k26 ⚡ Snapshotting table Master Drop Schedule (tblTW11834CCfJLwp)
2026-05-19 19:00:23 ⚡ INFO   lib2k26 ⚡ Snapshotting table Hospo Drop Packages (tblGrnsU4gkiQSdrk)
2026-05-19 19:00:25 ⚡ INFO   lib2k26 ⚡ Snapshotting table Hospo Package Rules (tbldZGkmJt3ngOayL)
2026-05-19 19:00:26 ⚡ INFO   lib2k26 ⚡ Snapshotting table Sponsorship Inventory (tblU9d4MqSPf7ME89)
2026-05-19 19:00:26 ⚡ INFO   lib2k26 ⚡ Snapshotting table Sponsors (tbldO4AuVzbpx5Qp2)
2026-05-19 19:00:27 ⚡ INFO   lib2k26 ⚡ Snapshotting table Artist Meals (tblggaMH2ox7OjH5p)
2026-05-19 19:00:27 ⚡ INFO   lib2k26 ⚡ Snapshotting table Credentials (tblN7CtBQEbZNr4LF)
2026-05-19 19:00:31 ⚡ INFO   lib2k26 ⚡ Snapshotting table Parking Passes (tbl55AoFxpFY2uxlN)
2026-05-19 19:00:32 ⚡ INFO   lib2k26 ⚡ Snapshotting table ARTIST CAMP - WORKING (tblEJnw2vhQ3STZUA)
2026-05-19 19:00:33 ⚡ INFO   lib2k26 ⚡ Snapshotting table Intake -Artist Camp Advance (tblgOqoIMmvhJv5L9)
2026-05-19 19:00:34 ⚡ INFO   lib2k26 ⚡ Snapshotting table ⛺️ Camp Inventory Pull (2026) (tblqxDuvWHS64Csuy)
2026-05-19 19:00:35 ⚡ INFO   lib2k26 ⚡ Snapshotting table Camp Package Rules (tbl2o1D6T1y0rTXPm)
2026-05-19 19:00:35 ⚡ INFO   lib2k26 ⚡ Snapshotting table Camp Inventory Items 2025 (tblSRk3UWkRuet30P)
2026-05-19 19:00:36 ⚡ INFO   lib2k26 ⚡ Snapshotting table ARTIST CAMP GUESTS (tbllWzqvTWftMcw8m)
2026-05-19 19:00:36 ⚡ INFO   lib2k26 ⚡ Snapshotting table Artist Parking Allocation (tblKRohyFmvRMA6QD)
2026-05-19 19:00:37 ⚡ INFO   lib2k26 ⚡ Snapshotting table Intake - Artist Parking Allocation (tbllliVvTVRVwozbI)
2026-05-19 19:00:37 ⚡ INFO   lib2k26 ⚡ Snapshotting table Intake - Artist Late Night Arrivals (tblHe8QUxnKxg88L6)
2026-05-19 19:00:38 ⚡ INFO   lib2k26 ⚡ Snapshotting table Artist Late Night Arrivals (tbltlcusGyIFgSIoT)
2026-05-19 19:00:38 ⚡ INFO   lib2k26 ⚡ Snapshotting table Intake- Staff Advance (tblA86huuajOVIgJf)
2026-05-19 19:00:39 ⚡ INFO   lib2k26 ⚡ Snapshotting table Staff (tblFrD2ftAM5MT5Si)
2026-05-19 19:00:39 ⚡ INFO   lib2k26 ⚡ Snapshotting table AR LTM (tblc3dPxvCgHqUjgv)
2026-05-19 19:00:48 ⚡ INFO   lib2k26 ⚡ Snapshotting table Tasks (tblhY6yikUSdlUi0p)
2026-05-19 19:00:49 ⚡ INFO   lib2k26 ⚡ Snapshotting table Compass (tblDosZPtHSc0ijwN)
2026-05-19 19:00:50 ⚡ INFO   lib2k26 ⚡ Snapshotting table Intake - Compass Advance (tblkTpXomNG0JmxSR)
2026-05-19 19:00:50 ⚡ INFO   lib2k26 ⚡ Snapshotting table Compass Credentials (tbl5yhlX1s5R8Kf7q)
2026-05-19 19:00:51 ⚡ INFO   lib2k26 ⚡ Snapshotting table 📋 Intake - Transpo (tbl6uY5c8pdPUlpng)
2026-05-19 19:00:51 ⚡ INFO   lib2k26 ⚡ Snapshotting table Expenses (tblcUmYd88vACMdxF)
2026-05-19 19:00:52 ⚡ INFO   lib2k26 ⚡ Snapshotting table Artist Camp (tblZb4345KjxACGMh)
2026-05-19 19:00:52 ⚡ INFO   lib2k26 ⚡ Snapshotting table 🚙 Transpo (tbldUVUIAGQXMr160)
2026-05-19 19:00:54 ⚡ INFO   lib2k26 ⚡ Snapshotting table ROS (tblZM3BaqEGRjwVcS)
2026-05-19 19:00:54 ⚡ INFO   lib2k26 ⚡ Snapshotting table Advance (tblpDz0eBIYml9oxI)
2026-05-19 19:00:55 ⚡ INFO   lib2k26 ⚡ Snapshotting table ✈️ Flights (tblQcIHXNCm4iUiXx)
2026-05-19 19:00:56 ⚡ INFO   lib2k26 ⚡ Snapshotting table Credentials_automation (tblvRJKSSRTLkwcK3)
2026-05-19 19:00:59 ⚡ INFO   lib2k26 ⚡ Base snapshot complete: backups/base_snapshot_appyqjuyl4yAziSAf_20260520T020001Z (44 tables)
2026-05-19 20:00:01 ⚡ INFO   lib2k26 
========================================================
   __    __  ___    ___      ___    
  / /   / / / o.)  /_  ) /7 /_  ),'7
 / /_  / / / o \   ,'c' //_7,'c'/o \
/___/ /_/ /___,'  (___7//\\(___7|_,'  ⚡
========================================================

2026-05-19 20:00:01 ⚡ INFO   lib2k26 ⚡ Snapshot is fresh (59.0 min old). Skipping.
2026-05-19 21:00:00 ⚡ INFO   lib2k26 
========================================================
   __    __  ___    ___      ___    
  / /   / / / o.)  /_  ) /7 /_  ),'7
 / /_  / / / o \   ,'c' //_7,'c'/o \
/___/ /_/ /___,'  (___7//\\(___7|_,'  ⚡
========================================================

2026-05-19 21:00:00 ⚡ INFO   lib2k26 ⚡ Snapshot is stale or missing. Running snapshot now.
2026-05-19 21:00:00 ⚡ INFO   lib2k26 ⚡ Fetching table list for base=appyqjuyl4yAziSAf
2026-05-19 21:00:01 ⚡ INFO   lib2k26 ⚡ Snapshotting table Artists [MASTER] (tbl8syqrpVzlV4Exz)
2026-05-19 21:00:04 ⚡ INFO   lib2k26 ⚡ Snapshotting table Intake – Artist Advance (tblJv94LCGwDv6iOi)
2026-05-19 21:00:07 ⚡ INFO   lib2k26 ⚡ Snapshotting table Set Times (tblN3OkGOiLweKWdr)
2026-05-19 21:00:09 ⚡ INFO   lib2k26 ⚡ Snapshotting table Stages (tblahLmh5y8gtoBd4)
2026-05-19 21:00:09 ⚡ INFO   lib2k26 ⚡ Snapshotting table Contacts (tblLgqO7BGeGp3W6r)
2026-05-19 21:00:12 ⚡ INFO   lib2k26 ⚡ Snapshotting table Green Room Sched (tbloGmPuUSEuYt3ry)
2026-05-19 21:00:12 ⚡ INFO   lib2k26 ⚡ Snapshotting table Hospitality (tblL2lc2cKbd6Ihls)
2026-05-19 21:00:18 ⚡ INFO   lib2k26 ⚡ Snapshotting table Hard Assets Placement (tblwb37r51zDQLWOg)
2026-05-19 21:00:18 ⚡ INFO   lib2k26 ⚡ Snapshotting table Hospo Drop Loocations (tblT4LysrUDr0rLKP)
2026-05-19 21:00:19 ⚡ INFO   lib2k26 ⚡ Snapshotting table Hospo Staff (tblLs31g1UyePEM9l)
2026-05-19 21:00:19 ⚡ INFO   lib2k26 ⚡ Snapshotting table Hospo Staff Schedule (tblTLrqHXqqlQS8gi)
2026-05-19 21:00:20 ⚡ INFO   lib2k26 ⚡ Snapshotting table Master Drop Schedule (tblTW11834CCfJLwp)
2026-05-19 21:00:21 ⚡ INFO   lib2k26 ⚡ Snapshotting table Hospo Drop Packages (tblGrnsU4gkiQSdrk)
2026-05-19 21:00:22 ⚡ INFO   lib2k26 ⚡ Snapshotting table Hospo Package Rules (tbldZGkmJt3ngOayL)
2026-05-19 21:00:23 ⚡ INFO   lib2k26 ⚡ Snapshotting table Sponsorship Inventory (tblU9d4MqSPf7ME89)
2026-05-19 21:00:23 ⚡ INFO   lib2k26 ⚡ Snapshotting table Sponsors (tbldO4AuVzbpx5Qp2)
2026-05-19 21:00:24 ⚡ INFO   lib2k26 ⚡ Snapshotting table Artist Meals (tblggaMH2ox7OjH5p)
2026-05-19 21:00:24 ⚡ INFO   lib2k26 ⚡ Snapshotting table Credentials (tblN7CtBQEbZNr4LF)
2026-05-19 21:00:28 ⚡ INFO   lib2k26 ⚡ Snapshotting table Parking Passes (tbl55AoFxpFY2uxlN)
2026-05-19 21:00:29 ⚡ INFO   lib2k26 ⚡ Snapshotting table ARTIST CAMP - WORKING (tblEJnw2vhQ3STZUA)
2026-05-19 21:00:30 ⚡ INFO   lib2k26 ⚡ Snapshotting table Intake -Artist Camp Advance (tblgOqoIMmvhJv5L9)
2026-05-19 21:00:31 ⚡ INFO   lib2k26 ⚡ Snapshotting table ⛺️ Camp Inventory Pull (2026) (tblqxDuvWHS64Csuy)
2026-05-19 21:00:31 ⚡ INFO   lib2k26 ⚡ Snapshotting table Camp Package Rules (tbl2o1D6T1y0rTXPm)
2026-05-19 21:00:32 ⚡ INFO   lib2k26 ⚡ Snapshotting table Camp Inventory Items 2025 (tblSRk3UWkRuet30P)
2026-05-19 21:00:33 ⚡ INFO   lib2k26 ⚡ Snapshotting table ARTIST CAMP GUESTS (tbllWzqvTWftMcw8m)
2026-05-19 21:00:33 ⚡ INFO   lib2k26 ⚡ Snapshotting table Artist Parking Allocation (tblKRohyFmvRMA6QD)
2026-05-19 21:00:34 ⚡ INFO   lib2k26 ⚡ Snapshotting table Intake - Artist Parking Allocation (tbllliVvTVRVwozbI)
2026-05-19 21:00:34 ⚡ INFO   lib2k26 ⚡ Snapshotting table Intake - Artist Late Night Arrivals (tblHe8QUxnKxg88L6)
2026-05-19 21:00:35 ⚡ INFO   lib2k26 ⚡ Snapshotting table Artist Late Night Arrivals (tbltlcusGyIFgSIoT)
2026-05-19 21:00:35 ⚡ INFO   lib2k26 ⚡ Snapshotting table Intake- Staff Advance (tblA86huuajOVIgJf)
2026-05-19 21:00:36 ⚡ INFO   lib2k26 ⚡ Snapshotting table Staff (tblFrD2ftAM5MT5Si)
2026-05-19 21:00:36 ⚡ INFO   lib2k26 ⚡ Snapshotting table AR LTM (tblc3dPxvCgHqUjgv)
2026-05-19 21:00:44 ⚡ INFO   lib2k26 ⚡ Snapshotting table Tasks (tblhY6yikUSdlUi0p)
2026-05-19 21:00:45 ⚡ INFO   lib2k26 ⚡ Snapshotting table Compass (tblDosZPtHSc0ijwN)
2026-05-19 21:00:45 ⚡ INFO   lib2k26 ⚡ Snapshotting table Intake - Compass Advance (tblkTpXomNG0JmxSR)
2026-05-19 21:00:46 ⚡ INFO   lib2k26 ⚡ Snapshotting table Compass Credentials (tbl5yhlX1s5R8Kf7q)
2026-05-19 21:00:46 ⚡ INFO   lib2k26 ⚡ Snapshotting table 📋 Intake - Transpo (tbl6uY5c8pdPUlpng)
2026-05-19 21:00:47 ⚡ INFO   lib2k26 ⚡ Snapshotting table Expenses (tblcUmYd88vACMdxF)
2026-05-19 21:00:48 ⚡ INFO   lib2k26 ⚡ Snapshotting table Artist Camp (tblZb4345KjxACGMh)
2026-05-19 21:00:48 ⚡ INFO   lib2k26 ⚡ Snapshotting table 🚙 Transpo (tbldUVUIAGQXMr160)
2026-05-19 21:00:49 ⚡ INFO   lib2k26 ⚡ Snapshotting table ROS (tblZM3BaqEGRjwVcS)
2026-05-19 21:00:50 ⚡ INFO   lib2k26 ⚡ Snapshotting table Advance (tblpDz0eBIYml9oxI)
2026-05-19 21:00:50 ⚡ INFO   lib2k26 ⚡ Snapshotting table ✈️ Flights (tblQcIHXNCm4iUiXx)
2026-05-19 21:00:53 ⚡ INFO   lib2k26 ⚡ Snapshotting table Credentials_automation (tblvRJKSSRTLkwcK3)
2026-05-19 21:00:57 ⚡ INFO   lib2k26 ⚡ Base snapshot complete: backups/base_snapshot_appyqjuyl4yAziSAf_20260520T040000Z (44 tables)
2026-05-19 23:00:01 ⚡ INFO   lib2k26 
========================================================
   __    __  ___    ___      ___    
  / /   / / / o.)  /_  ) /7 /_  ),'7
 / /_  / / / o \   ,'c' //_7,'c'/o \
/___/ /_/ /___,'  (___7//\\(___7|_,'  ⚡
========================================================

2026-05-19 23:00:01 ⚡ INFO   lib2k26 ⚡ Snapshot is stale or missing. Running snapshot now.
2026-05-19 23:00:01 ⚡ INFO   lib2k26 ⚡ Fetching table list for base=appyqjuyl4yAziSAf
2026-05-19 23:00:02 ⚡ INFO   lib2k26 ⚡ Snapshotting table Artists [MASTER] (tbl8syqrpVzlV4Exz)
2026-05-19 23:00:05 ⚡ INFO   lib2k26 ⚡ Snapshotting table Intake – Artist Advance (tblJv94LCGwDv6iOi)
2026-05-19 23:00:08 ⚡ INFO   lib2k26 ⚡ Snapshotting table Set Times (tblN3OkGOiLweKWdr)
2026-05-19 23:00:09 ⚡ INFO   lib2k26 ⚡ Snapshotting table Stages (tblahLmh5y8gtoBd4)
2026-05-19 23:00:10 ⚡ INFO   lib2k26 ⚡ Snapshotting table Contacts (tblLgqO7BGeGp3W6r)
2026-05-19 23:00:12 ⚡ INFO   lib2k26 ⚡ Snapshotting table Green Room Sched (tbloGmPuUSEuYt3ry)
2026-05-19 23:00:12 ⚡ INFO   lib2k26 ⚡ Snapshotting table Hospitality (tblL2lc2cKbd6Ihls)
2026-05-19 23:00:17 ⚡ INFO   lib2k26 ⚡ Snapshotting table Hard Assets Placement (tblwb37r51zDQLWOg)
2026-05-19 23:00:18 ⚡ INFO   lib2k26 ⚡ Snapshotting table Hospo Drop Loocations (tblT4LysrUDr0rLKP)
2026-05-19 23:00:18 ⚡ INFO   lib2k26 ⚡ Snapshotting table Hospo Staff (tblLs31g1UyePEM9l)
2026-05-19 23:00:19 ⚡ INFO   lib2k26 ⚡ Snapshotting table Hospo Staff Schedule (tblTLrqHXqqlQS8gi)
2026-05-19 23:00:19 ⚡ INFO   lib2k26 ⚡ Snapshotting table Master Drop Schedule (tblTW11834CCfJLwp)
2026-05-19 23:00:21 ⚡ INFO   lib2k26 ⚡ Snapshotting table Hospo Drop Packages (tblGrnsU4gkiQSdrk)
2026-05-19 23:00:22 ⚡ INFO   lib2k26 ⚡ Snapshotting table Hospo Package Rules (tbldZGkmJt3ngOayL)
2026-05-19 23:00:22 ⚡ INFO   lib2k26 ⚡ Snapshotting table Sponsorship Inventory (tblU9d4MqSPf7ME89)
2026-05-19 23:00:23 ⚡ INFO   lib2k26 ⚡ Snapshotting table Sponsors (tbldO4AuVzbpx5Qp2)
2026-05-19 23:00:23 ⚡ INFO   lib2k26 ⚡ Snapshotting table Artist Meals (tblggaMH2ox7OjH5p)
2026-05-19 23:00:24 ⚡ INFO   lib2k26 ⚡ Snapshotting table Credentials (tblN7CtBQEbZNr4LF)
2026-05-19 23:00:27 ⚡ INFO   lib2k26 ⚡ Snapshotting table Parking Passes (tbl55AoFxpFY2uxlN)
2026-05-19 23:00:28 ⚡ INFO   lib2k26 ⚡ Snapshotting table ARTIST CAMP - WORKING (tblEJnw2vhQ3STZUA)
2026-05-19 23:00:29 ⚡ INFO   lib2k26 ⚡ Snapshotting table Intake -Artist Camp Advance (tblgOqoIMmvhJv5L9)
2026-05-19 23:00:30 ⚡ INFO   lib2k26 ⚡ Snapshotting table ⛺️ Camp Inventory Pull (2026) (tblqxDuvWHS64Csuy)
2026-05-19 23:00:30 ⚡ INFO   lib2k26 ⚡ Snapshotting table Camp Package Rules (tbl2o1D6T1y0rTXPm)
2026-05-19 23:00:31 ⚡ INFO   lib2k26 ⚡ Snapshotting table Camp Inventory Items 2025 (tblSRk3UWkRuet30P)
2026-05-19 23:00:31 ⚡ INFO   lib2k26 ⚡ Snapshotting table ARTIST CAMP GUESTS (tbllWzqvTWftMcw8m)
2026-05-19 23:00:32 ⚡ INFO   lib2k26 ⚡ Snapshotting table Artist Parking Allocation (tblKRohyFmvRMA6QD)
2026-05-19 23:00:32 ⚡ INFO   lib2k26 ⚡ Snapshotting table Intake - Artist Parking Allocation (tbllliVvTVRVwozbI)
2026-05-19 23:00:33 ⚡ INFO   lib2k26 ⚡ Snapshotting table Intake - Artist Late Night Arrivals (tblHe8QUxnKxg88L6)
2026-05-19 23:00:34 ⚡ INFO   lib2k26 ⚡ Snapshotting table Artist Late Night Arrivals (tbltlcusGyIFgSIoT)
2026-05-19 23:00:34 ⚡ INFO   lib2k26 ⚡ Snapshotting table Intake- Staff Advance (tblA86huuajOVIgJf)
2026-05-19 23:00:35 ⚡ INFO   lib2k26 ⚡ Snapshotting table Staff (tblFrD2ftAM5MT5Si)
2026-05-19 23:00:35 ⚡ INFO   lib2k26 ⚡ Snapshotting table AR LTM (tblc3dPxvCgHqUjgv)
2026-05-19 23:00:42 ⚡ INFO   lib2k26 ⚡ Snapshotting table Tasks (tblhY6yikUSdlUi0p)
2026-05-19 23:00:43 ⚡ INFO   lib2k26 ⚡ Snapshotting table Compass (tblDosZPtHSc0ijwN)
2026-05-19 23:00:43 ⚡ INFO   lib2k26 ⚡ Snapshotting table Intake - Compass Advance (tblkTpXomNG0JmxSR)
2026-05-19 23:00:44 ⚡ INFO   lib2k26 ⚡ Snapshotting table Compass Credentials (tbl5yhlX1s5R8Kf7q)
2026-05-19 23:00:44 ⚡ INFO   lib2k26 ⚡ Snapshotting table 📋 Intake - Transpo (tbl6uY5c8pdPUlpng)
2026-05-19 23:00:45 ⚡ INFO   lib2k26 ⚡ Snapshotting table Expenses (tblcUmYd88vACMdxF)
2026-05-19 23:00:45 ⚡ INFO   lib2k26 ⚡ Snapshotting table Artist Camp (tblZb4345KjxACGMh)
2026-05-19 23:00:46 ⚡ INFO   lib2k26 ⚡ Snapshotting table 🚙 Transpo (tbldUVUIAGQXMr160)
2026-05-19 23:00:47 ⚡ INFO   lib2k26 ⚡ Snapshotting table ROS (tblZM3BaqEGRjwVcS)
2026-05-19 23:00:47 ⚡ INFO   lib2k26 ⚡ Snapshotting table Advance (tblpDz0eBIYml9oxI)
2026-05-19 23:00:48 ⚡ INFO   lib2k26 ⚡ Snapshotting table ✈️ Flights (tblQcIHXNCm4iUiXx)
2026-05-19 23:00:49 ⚡ INFO   lib2k26 ⚡ Snapshotting table Credentials_automation (tblvRJKSSRTLkwcK3)
2026-05-19 23:00:52 ⚡ INFO   lib2k26 ⚡ Base snapshot complete: backups/base_snapshot_appyqjuyl4yAziSAf_20260520T060001Z (44 tables)
2026-05-20 00:00:00 ⚡ INFO   lib2k26 
========================================================
   __    __  ___    ___      ___    
  / /   / / / o.)  /_  ) /7 /_  ),'7
 / /_  / / / o \   ,'c' //_7,'c'/o \
/___/ /_/ /___,'  (___7//\\(___7|_,'  ⚡
========================================================

2026-05-20 00:00:00 ⚡ INFO   lib2k26 ⚡ Snapshot is fresh (59.1 min old). Skipping.
2026-05-20 01:00:00 ⚡ INFO   lib2k26 
========================================================
   __    __  ___    ___      ___    
  / /   / / / o.)  /_  ) /7 /_  ),'7
 / /_  / / / o \   ,'c' //_7,'c'/o \
/___/ /_/ /___,'  (___7//\\(___7|_,'  ⚡
========================================================

2026-05-20 01:00:00 ⚡ INFO   lib2k26 ⚡ Snapshot is stale or missing. Running snapshot now.
2026-05-20 01:00:00 ⚡ INFO   lib2k26 ⚡ Fetching table list for base=appyqjuyl4yAziSAf
2026-05-20 01:00:01 ⚡ INFO   lib2k26 ⚡ Snapshotting table Artists [MASTER] (tbl8syqrpVzlV4Exz)
2026-05-20 01:00:04 ⚡ INFO   lib2k26 ⚡ Snapshotting table Intake – Artist Advance (tblJv94LCGwDv6iOi)
2026-05-20 01:00:07 ⚡ INFO   lib2k26 ⚡ Snapshotting table Set Times (tblN3OkGOiLweKWdr)
2026-05-20 01:00:09 ⚡ INFO   lib2k26 ⚡ Snapshotting table Stages (tblahLmh5y8gtoBd4)
2026-05-20 01:00:09 ⚡ INFO   lib2k26 ⚡ Snapshotting table Contacts (tblLgqO7BGeGp3W6r)
2026-05-20 01:00:11 ⚡ INFO   lib2k26 ⚡ Snapshotting table Green Room Sched (tbloGmPuUSEuYt3ry)
2026-05-20 01:00:12 ⚡ INFO   lib2k26 ⚡ Snapshotting table Hospitality (tblL2lc2cKbd6Ihls)
2026-05-20 01:00:17 ⚡ INFO   lib2k26 ⚡ Snapshotting table Hard Assets Placement (tblwb37r51zDQLWOg)
2026-05-20 01:00:17 ⚡ INFO   lib2k26 ⚡ Snapshotting table Hospo Drop Loocations (tblT4LysrUDr0rLKP)
2026-05-20 01:00:18 ⚡ INFO   lib2k26 ⚡ Snapshotting table Hospo Staff (tblLs31g1UyePEM9l)
2026-05-20 01:00:18 ⚡ INFO   lib2k26 ⚡ Snapshotting table Hospo Staff Schedule (tblTLrqHXqqlQS8gi)
2026-05-20 01:00:19 ⚡ INFO   lib2k26 ⚡ Snapshotting table Master Drop Schedule (tblTW11834CCfJLwp)
2026-05-20 01:00:21 ⚡ INFO   lib2k26 ⚡ Snapshotting table Hospo Drop Packages (tblGrnsU4gkiQSdrk)
2026-05-20 01:00:22 ⚡ INFO   lib2k26 ⚡ Snapshotting table Hospo Package Rules (tbldZGkmJt3ngOayL)
2026-05-20 01:00:22 ⚡ INFO   lib2k26 ⚡ Snapshotting table Sponsorship Inventory (tblU9d4MqSPf7ME89)
2026-05-20 01:00:23 ⚡ INFO   lib2k26 ⚡ Snapshotting table Sponsors (tbldO4AuVzbpx5Qp2)
2026-05-20 01:00:23 ⚡ INFO   lib2k26 ⚡ Snapshotting table Artist Meals (tblggaMH2ox7OjH5p)
2026-05-20 01:00:24 ⚡ INFO   lib2k26 ⚡ Snapshotting table Credentials (tblN7CtBQEbZNr4LF)
2026-05-20 01:00:27 ⚡ INFO   lib2k26 ⚡ Snapshotting table Parking Passes (tbl55AoFxpFY2uxlN)
2026-05-20 01:00:28 ⚡ INFO   lib2k26 ⚡ Snapshotting table ARTIST CAMP - WORKING (tblEJnw2vhQ3STZUA)
2026-05-20 01:00:29 ⚡ INFO   lib2k26 ⚡ Snapshotting table Intake -Artist Camp Advance (tblgOqoIMmvhJv5L9)
2026-05-20 01:00:31 ⚡ INFO   lib2k26 ⚡ Snapshotting table ⛺️ Camp Inventory Pull (2026) (tblqxDuvWHS64Csuy)
2026-05-20 01:00:32 ⚡ INFO   lib2k26 ⚡ Snapshotting table Camp Package Rules (tbl2o1D6T1y0rTXPm)
2026-05-20 01:00:32 ⚡ INFO   lib2k26 ⚡ Snapshotting table Camp Inventory Items 2025 (tblSRk3UWkRuet30P)
2026-05-20 01:00:33 ⚡ INFO   lib2k26 ⚡ Snapshotting table ARTIST CAMP GUESTS (tbllWzqvTWftMcw8m)
2026-05-20 01:00:33 ⚡ INFO   lib2k26 ⚡ Snapshotting table Artist Parking Allocation (tblKRohyFmvRMA6QD)
2026-05-20 01:00:34 ⚡ INFO   lib2k26 ⚡ Snapshotting table Intake - Artist Parking Allocation (tbllliVvTVRVwozbI)
2026-05-20 01:00:34 ⚡ INFO   lib2k26 ⚡ Snapshotting table Intake - Artist Late Night Arrivals (tblHe8QUxnKxg88L6)
2026-05-20 01:00:35 ⚡ INFO   lib2k26 ⚡ Snapshotting table Artist Late Night Arrivals (tbltlcusGyIFgSIoT)
2026-05-20 01:00:35 ⚡ INFO   lib2k26 ⚡ Snapshotting table Intake- Staff Advance (tblA86huuajOVIgJf)
2026-05-20 01:00:36 ⚡ INFO   lib2k26 ⚡ Snapshotting table Staff (tblFrD2ftAM5MT5Si)
2026-05-20 01:00:37 ⚡ INFO   lib2k26 ⚡ Snapshotting table AR LTM (tblc3dPxvCgHqUjgv)
2026-05-20 01:00:44 ⚡ INFO   lib2k26 ⚡ Snapshotting table Tasks (tblhY6yikUSdlUi0p)
2026-05-20 01:00:44 ⚡ INFO   lib2k26 ⚡ Snapshotting table Compass (tblDosZPtHSc0ijwN)
2026-05-20 01:00:45 ⚡ INFO   lib2k26 ⚡ Snapshotting table Intake - Compass Advance (tblkTpXomNG0JmxSR)
2026-05-20 01:00:45 ⚡ INFO   lib2k26 ⚡ Snapshotting table Compass Credentials (tbl5yhlX1s5R8Kf7q)
2026-05-20 01:00:46 ⚡ INFO   lib2k26 ⚡ Snapshotting table 📋 Intake - Transpo (tbl6uY5c8pdPUlpng)
2026-05-20 01:00:46 ⚡ INFO   lib2k26 ⚡ Snapshotting table Expenses (tblcUmYd88vACMdxF)
2026-05-20 01:00:47 ⚡ INFO   lib2k26 ⚡ Snapshotting table Artist Camp (tblZb4345KjxACGMh)
2026-05-20 01:00:47 ⚡ INFO   lib2k26 ⚡ Snapshotting table 🚙 Transpo (tbldUVUIAGQXMr160)
2026-05-20 01:00:48 ⚡ INFO   lib2k26 ⚡ Snapshotting table ROS (tblZM3BaqEGRjwVcS)
2026-05-20 01:00:49 ⚡ INFO   lib2k26 ⚡ Snapshotting table Advance (tblpDz0eBIYml9oxI)
2026-05-20 01:00:50 ⚡ INFO   lib2k26 ⚡ Snapshotting table ✈️ Flights (tblQcIHXNCm4iUiXx)
2026-05-20 01:00:51 ⚡ INFO   lib2k26 ⚡ Snapshotting table Credentials_automation (tblvRJKSSRTLkwcK3)
2026-05-20 01:00:55 ⚡ INFO   lib2k26 ⚡ Base snapshot complete: backups/base_snapshot_appyqjuyl4yAziSAf_20260520T080000Z (44 tables)
2026-05-20 02:00:01 ⚡ INFO   lib2k26 
========================================================
   __    __  ___    ___      ___    
  / /   / / / o.)  /_  ) /7 /_  ),'7
 / /_  / / / o \   ,'c' //_7,'c'/o \
/___/ /_/ /___,'  (___7//\\(___7|_,'  ⚡
========================================================

2026-05-20 02:00:01 ⚡ INFO   lib2k26 ⚡ Snapshot is fresh (59.1 min old). Skipping.
2026-05-20 10:03:35 ⚡ INFO   lib2k26 
========================================================
   __    __  ___    ___      ___    
  / /   / / / o.)  /_  ) /7 /_  ),'7
 / /_  / / / o \   ,'c' //_7,'c'/o \
/___/ /_/ /___,'  (___7//\\(___7|_,'  ⚡
========================================================

2026-05-20 10:03:35 ⚡ INFO   lib2k26 ⚡ Snapshot is stale or missing. Running snapshot now.
2026-05-20 10:03:35 ⚡ INFO   lib2k26 ⚡ Fetching table list for base=appyqjuyl4yAziSAf
2026-05-20 10:03:35 ⚡ INFO   lib2k26 ⚡ Snapshotting table Artists [MASTER] (tbl8syqrpVzlV4Exz)
2026-05-20 10:03:42 ⚡ INFO   lib2k26 ⚡ Snapshotting table Intake – Artist Advance (tblJv94LCGwDv6iOi)
2026-05-20 10:03:45 ⚡ INFO   lib2k26 ⚡ Snapshotting table Set Times (tblN3OkGOiLweKWdr)
2026-05-20 10:03:46 ⚡ INFO   lib2k26 ⚡ Snapshotting table Stages (tblahLmh5y8gtoBd4)
2026-05-20 10:03:47 ⚡ INFO   lib2k26 ⚡ Snapshotting table Contacts (tblLgqO7BGeGp3W6r)
2026-05-20 10:03:49 ⚡ INFO   lib2k26 ⚡ Snapshotting table Green Room Sched (tbloGmPuUSEuYt3ry)
2026-05-20 10:03:50 ⚡ INFO   lib2k26 ⚡ Snapshotting table Hospitality (tblL2lc2cKbd6Ihls)
2026-05-20 10:03:58 ⚡ INFO   lib2k26 ⚡ Snapshotting table Hard Assets Placement (tblwb37r51zDQLWOg)
2026-05-20 10:03:58 ⚡ INFO   lib2k26 ⚡ Snapshotting table Hospo Drop Loocations (tblT4LysrUDr0rLKP)
2026-05-20 10:03:59 ⚡ INFO   lib2k26 ⚡ Snapshotting table Hospo Staff (tblLs31g1UyePEM9l)
2026-05-20 10:03:59 ⚡ INFO   lib2k26 ⚡ Snapshotting table Hospo Staff Schedule (tblTLrqHXqqlQS8gi)
2026-05-20 10:04:00 ⚡ INFO   lib2k26 ⚡ Snapshotting table Master Drop Schedule (tblTW11834CCfJLwp)
2026-05-20 10:04:02 ⚡ INFO   lib2k26 ⚡ Snapshotting table Hospo Drop Packages (tblGrnsU4gkiQSdrk)
2026-05-20 10:04:03 ⚡ INFO   lib2k26 ⚡ Snapshotting table Hospo Package Rules (tbldZGkmJt3ngOayL)
2026-05-20 10:04:03 ⚡ INFO   lib2k26 ⚡ Snapshotting table Sponsorship Inventory (tblU9d4MqSPf7ME89)
2026-05-20 10:04:04 ⚡ INFO   lib2k26 ⚡ Snapshotting table Sponsors (tbldO4AuVzbpx5Qp2)
2026-05-20 10:04:04 ⚡ INFO   lib2k26 ⚡ Snapshotting table Artist Meals (tblggaMH2ox7OjH5p)
2026-05-20 10:04:05 ⚡ INFO   lib2k26 ⚡ Snapshotting table Credentials (tblN7CtBQEbZNr4LF)
2026-05-20 10:04:08 ⚡ INFO   lib2k26 ⚡ Snapshotting table Parking Passes (tbl55AoFxpFY2uxlN)
2026-05-20 10:04:08 ⚡ INFO   lib2k26 ⚡ Snapshotting table ARTIST CAMP - WORKING (tblEJnw2vhQ3STZUA)
2026-05-20 10:04:10 ⚡ INFO   lib2k26 ⚡ Snapshotting table Intake -Artist Camp Advance (tblgOqoIMmvhJv5L9)
2026-05-20 10:04:11 ⚡ INFO   lib2k26 ⚡ Snapshotting table ⛺️ Camp Inventory Pull (2026) (tblqxDuvWHS64Csuy)
2026-05-20 10:04:11 ⚡ INFO   lib2k26 ⚡ Snapshotting table Camp Package Rules (tbl2o1D6T1y0rTXPm)
2026-05-20 10:04:12 ⚡ INFO   lib2k26 ⚡ Snapshotting table Camp Inventory Items 2025 (tblSRk3UWkRuet30P)
2026-05-20 10:04:12 ⚡ INFO   lib2k26 ⚡ Snapshotting table ARTIST CAMP GUESTS (tbllWzqvTWftMcw8m)
2026-05-20 10:04:13 ⚡ INFO   lib2k26 ⚡ Snapshotting table Artist Parking Allocation (tblKRohyFmvRMA6QD)
2026-05-20 10:04:14 ⚡ INFO   lib2k26 ⚡ Snapshotting table Intake - Artist Parking Allocation (tbllliVvTVRVwozbI)
2026-05-20 10:04:14 ⚡ INFO   lib2k26 ⚡ Snapshotting table Intake - Artist Late Night Arrivals (tblHe8QUxnKxg88L6)
2026-05-20 10:04:15 ⚡ INFO   lib2k26 ⚡ Snapshotting table Artist Late Night Arrivals (tbltlcusGyIFgSIoT)
2026-05-20 10:04:15 ⚡ INFO   lib2k26 ⚡ Snapshotting table Intake- Staff Advance (tblA86huuajOVIgJf)
2026-05-20 10:04:16 ⚡ INFO   lib2k26 ⚡ Snapshotting table Staff (tblFrD2ftAM5MT5Si)
2026-05-20 10:04:16 ⚡ INFO   lib2k26 ⚡ Snapshotting table AR LTM (tblc3dPxvCgHqUjgv)
2026-05-20 10:04:24 ⚡ INFO   lib2k26 ⚡ Snapshotting table Tasks (tblhY6yikUSdlUi0p)
2026-05-20 10:04:24 ⚡ INFO   lib2k26 ⚡ Snapshotting table Compass (tblDosZPtHSc0ijwN)
2026-05-20 10:04:25 ⚡ INFO   lib2k26 ⚡ Snapshotting table Intake - Compass Advance (tblkTpXomNG0JmxSR)
2026-05-20 10:04:25 ⚡ INFO   lib2k26 ⚡ Snapshotting table Compass Credentials (tbl5yhlX1s5R8Kf7q)
2026-05-20 10:04:26 ⚡ INFO   lib2k26 ⚡ Snapshotting table 📋 Intake - Transpo (tbl6uY5c8pdPUlpng)
2026-05-20 10:04:26 ⚡ INFO   lib2k26 ⚡ Snapshotting table Expenses (tblcUmYd88vACMdxF)
2026-05-20 10:04:27 ⚡ INFO   lib2k26 ⚡ Snapshotting table Artist Camp (tblZb4345KjxACGMh)
2026-05-20 10:04:28 ⚡ INFO   lib2k26 ⚡ Snapshotting table 🚙 Transpo (tbldUVUIAGQXMr160)
2026-05-20 10:04:29 ⚡ INFO   lib2k26 ⚡ Snapshotting table ROS (tblZM3BaqEGRjwVcS)
2026-05-20 10:04:30 ⚡ INFO   lib2k26 ⚡ Snapshotting table Advance (tblpDz0eBIYml9oxI)
2026-05-20 10:04:30 ⚡ INFO   lib2k26 ⚡ Snapshotting table ✈️ Flights (tblQcIHXNCm4iUiXx)
2026-05-20 10:04:32 ⚡ INFO   lib2k26 ⚡ Snapshotting table Credentials_automation (tblvRJKSSRTLkwcK3)
2026-05-20 10:04:35 ⚡ INFO   lib2k26 ⚡ Base snapshot complete: backups/base_snapshot_appyqjuyl4yAziSAf_20260520T170335Z (44 tables)
2026-05-20 11:00:00 ⚡ INFO   lib2k26 
========================================================
   __    __  ___    ___      ___    
  / /   / / / o.)  /_  ) /7 /_  ),'7
 / /_  / / / o \   ,'c' //_7,'c'/o \
/___/ /_/ /___,'  (___7//\\(___7|_,'  ⚡
========================================================

2026-05-20 11:00:00 ⚡ INFO   lib2k26 ⚡ Snapshot is fresh (55.4 min old). Skipping.
2026-05-20 12:00:01 ⚡ INFO   lib2k26 
========================================================
   __    __  ___    ___      ___    
  / /   / / / o.)  /_  ) /7 /_  ),'7
 / /_  / / / o \   ,'c' //_7,'c'/o \
/___/ /_/ /___,'  (___7//\\(___7|_,'  ⚡
========================================================

2026-05-20 12:00:01 ⚡ INFO   lib2k26 ⚡ Snapshot is stale or missing. Running snapshot now.
2026-05-20 12:00:01 ⚡ INFO   lib2k26 ⚡ Fetching table list for base=appyqjuyl4yAziSAf
2026-05-20 12:00:02 ⚡ INFO   lib2k26 ⚡ Snapshotting table Artists [MASTER] (tbl8syqrpVzlV4Exz)
2026-05-20 12:00:05 ⚡ INFO   lib2k26 ⚡ Snapshotting table Intake – Artist Advance (tblJv94LCGwDv6iOi)
2026-05-20 12:00:07 ⚡ INFO   lib2k26 ⚡ Snapshotting table Set Times (tblN3OkGOiLweKWdr)
2026-05-20 12:00:09 ⚡ INFO   lib2k26 ⚡ Snapshotting table Stages (tblahLmh5y8gtoBd4)
2026-05-20 12:00:09 ⚡ INFO   lib2k26 ⚡ Snapshotting table Contacts (tblLgqO7BGeGp3W6r)
2026-05-20 12:00:11 ⚡ INFO   lib2k26 ⚡ Snapshotting table Green Room Sched (tbloGmPuUSEuYt3ry)
2026-05-20 12:00:12 ⚡ INFO   lib2k26 ⚡ Snapshotting table Hospitality (tblL2lc2cKbd6Ihls)
2026-05-20 12:00:17 ⚡ INFO   lib2k26 ⚡ Snapshotting table Hard Assets Placement (tblwb37r51zDQLWOg)
2026-05-20 12:00:17 ⚡ INFO   lib2k26 ⚡ Snapshotting table Hospo Drop Loocations (tblT4LysrUDr0rLKP)
2026-05-20 12:00:18 ⚡ INFO   lib2k26 ⚡ Snapshotting table Hospo Staff (tblLs31g1UyePEM9l)
2026-05-20 12:00:18 ⚡ INFO   lib2k26 ⚡ Snapshotting table Hospo Staff Schedule (tblTLrqHXqqlQS8gi)
2026-05-20 12:00:19 ⚡ INFO   lib2k26 ⚡ Snapshotting table Master Drop Schedule (tblTW11834CCfJLwp)
2026-05-20 12:00:20 ⚡ INFO   lib2k26 ⚡ Snapshotting table Hospo Drop Packages (tblGrnsU4gkiQSdrk)
2026-05-20 12:00:21 ⚡ INFO   lib2k26 ⚡ Snapshotting table Hospo Package Rules (tbldZGkmJt3ngOayL)
2026-05-20 12:00:22 ⚡ INFO   lib2k26 ⚡ Snapshotting table Sponsorship Inventory (tblU9d4MqSPf7ME89)
2026-05-20 12:00:22 ⚡ INFO   lib2k26 ⚡ Snapshotting table Sponsors (tbldO4AuVzbpx5Qp2)
2026-05-20 12:00:23 ⚡ INFO   lib2k26 ⚡ Snapshotting table Artist Meals (tblggaMH2ox7OjH5p)
2026-05-20 12:00:23 ⚡ INFO   lib2k26 ⚡ Snapshotting table Credentials (tblN7CtBQEbZNr4LF)
2026-05-20 12:00:27 ⚡ INFO   lib2k26 ⚡ Snapshotting table Parking Passes (tbl55AoFxpFY2uxlN)
2026-05-20 12:00:27 ⚡ INFO   lib2k26 ⚡ Snapshotting table ARTIST CAMP - WORKING (tblEJnw2vhQ3STZUA)
2026-05-20 12:00:28 ⚡ INFO   lib2k26 ⚡ Snapshotting table Intake -Artist Camp Advance (tblgOqoIMmvhJv5L9)
2026-05-20 12:00:29 ⚡ INFO   lib2k26 ⚡ Snapshotting table ⛺️ Camp Inventory Pull (2026) (tblqxDuvWHS64Csuy)
2026-05-20 12:00:30 ⚡ INFO   lib2k26 ⚡ Snapshotting table Camp Package Rules (tbl2o1D6T1y0rTXPm)
2026-05-20 12:00:30 ⚡ INFO   lib2k26 ⚡ Snapshotting table Camp Inventory Items 2025 (tblSRk3UWkRuet30P)
2026-05-20 12:00:31 ⚡ INFO   lib2k26 ⚡ Snapshotting table ARTIST CAMP GUESTS (tbllWzqvTWftMcw8m)
2026-05-20 12:00:31 ⚡ INFO   lib2k26 ⚡ Snapshotting table Artist Parking Allocation (tblKRohyFmvRMA6QD)
2026-05-20 12:00:32 ⚡ INFO   lib2k26 ⚡ Snapshotting table Intake - Artist Parking Allocation (tbllliVvTVRVwozbI)
2026-05-20 12:00:32 ⚡ INFO   lib2k26 ⚡ Snapshotting table Intake - Artist Late Night Arrivals (tblHe8QUxnKxg88L6)
2026-05-20 12:00:33 ⚡ INFO   lib2k26 ⚡ Snapshotting table Artist Late Night Arrivals (tbltlcusGyIFgSIoT)
2026-05-20 12:00:33 ⚡ INFO   lib2k26 ⚡ Snapshotting table Intake- Staff Advance (tblA86huuajOVIgJf)
2026-05-20 12:00:34 ⚡ INFO   lib2k26 ⚡ Snapshotting table Staff (tblFrD2ftAM5MT5Si)
2026-05-20 12:00:34 ⚡ INFO   lib2k26 ⚡ Snapshotting table AR LTM (tblc3dPxvCgHqUjgv)
2026-05-20 12:00:42 ⚡ INFO   lib2k26 ⚡ Snapshotting table Tasks (tblhY6yikUSdlUi0p)
2026-05-20 12:00:42 ⚡ INFO   lib2k26 ⚡ Snapshotting table Compass (tblDosZPtHSc0ijwN)
2026-05-20 12:00:43 ⚡ INFO   lib2k26 ⚡ Snapshotting table Intake - Compass Advance (tblkTpXomNG0JmxSR)
2026-05-20 12:00:43 ⚡ INFO   lib2k26 ⚡ Snapshotting table Compass Credentials (tbl5yhlX1s5R8Kf7q)
2026-05-20 12:00:44 ⚡ INFO   lib2k26 ⚡ Snapshotting table 📋 Intake - Transpo (tbl6uY5c8pdPUlpng)
2026-05-20 12:00:44 ⚡ INFO   lib2k26 ⚡ Snapshotting table Expenses (tblcUmYd88vACMdxF)
2026-05-20 12:00:45 ⚡ INFO   lib2k26 ⚡ Snapshotting table Artist Camp (tblZb4345KjxACGMh)
2026-05-20 12:00:45 ⚡ INFO   lib2k26 ⚡ Snapshotting table 🚙 Transpo (tbldUVUIAGQXMr160)
2026-05-20 12:00:46 ⚡ INFO   lib2k26 ⚡ Snapshotting table ROS (tblZM3BaqEGRjwVcS)
2026-05-20 12:00:47 ⚡ INFO   lib2k26 ⚡ Snapshotting table Advance (tblpDz0eBIYml9oxI)
2026-05-20 12:00:47 ⚡ INFO   lib2k26 ⚡ Snapshotting table ✈️ Flights (tblQcIHXNCm4iUiXx)
2026-05-20 12:00:48 ⚡ INFO   lib2k26 ⚡ Snapshotting table Credentials_automation (tblvRJKSSRTLkwcK3)
2026-05-20 12:00:52 ⚡ INFO   lib2k26 ⚡ Base snapshot complete: backups/base_snapshot_appyqjuyl4yAziSAf_20260520T190001Z (44 tables)
2026-05-20 13:00:01 ⚡ INFO   lib2k26 
========================================================
   __    __  ___    ___      ___    
  / /   / / / o.)  /_  ) /7 /_  ),'7
 / /_  / / / o \   ,'c' //_7,'c'/o \
/___/ /_/ /___,'  (___7//\\(___7|_,'  ⚡
========================================================

2026-05-20 13:00:01 ⚡ INFO   lib2k26 ⚡ Snapshot is fresh (59.2 min old). Skipping.
2026-05-20 14:00:01 ⚡ INFO   lib2k26 
========================================================
   __    __  ___    ___      ___    
  / /   / / / o.)  /_  ) /7 /_  ),'7
 / /_  / / / o \   ,'c' //_7,'c'/o \
/___/ /_/ /___,'  (___7//\\(___7|_,'  ⚡
========================================================

2026-05-20 14:00:01 ⚡ INFO   lib2k26 ⚡ Snapshot is stale or missing. Running snapshot now.
2026-05-20 14:00:01 ⚡ INFO   lib2k26 ⚡ Fetching table list for base=appyqjuyl4yAziSAf
2026-05-20 14:00:02 ⚡ INFO   lib2k26 ⚡ Snapshotting table Artists [MASTER] (tbl8syqrpVzlV4Exz)
2026-05-20 14:00:05 ⚡ INFO   lib2k26 ⚡ Snapshotting table Intake – Artist Advance (tblJv94LCGwDv6iOi)
2026-05-20 14:00:07 ⚡ INFO   lib2k26 ⚡ Snapshotting table Set Times (tblN3OkGOiLweKWdr)
2026-05-20 14:00:09 ⚡ INFO   lib2k26 ⚡ Snapshotting table Stages (tblahLmh5y8gtoBd4)
2026-05-20 14:00:09 ⚡ INFO   lib2k26 ⚡ Snapshotting table Contacts (tblLgqO7BGeGp3W6r)
2026-05-20 14:00:11 ⚡ INFO   lib2k26 ⚡ Snapshotting table Green Room Sched (tbloGmPuUSEuYt3ry)
2026-05-20 14:00:12 ⚡ INFO   lib2k26 ⚡ Snapshotting table Hospitality (tblL2lc2cKbd6Ihls)
2026-05-20 14:00:17 ⚡ INFO   lib2k26 ⚡ Snapshotting table Hard Assets Placement (tblwb37r51zDQLWOg)
2026-05-20 14:00:17 ⚡ INFO   lib2k26 ⚡ Snapshotting table Hospo Drop Loocations (tblT4LysrUDr0rLKP)
2026-05-20 14:00:18 ⚡ INFO   lib2k26 ⚡ Snapshotting table Hospo Staff (tblLs31g1UyePEM9l)
2026-05-20 14:00:18 ⚡ INFO   lib2k26 ⚡ Snapshotting table Hospo Staff Schedule (tblTLrqHXqqlQS8gi)
2026-05-20 14:00:19 ⚡ INFO   lib2k26 ⚡ Snapshotting table Master Drop Schedule (tblTW11834CCfJLwp)
2026-05-20 14:00:20 ⚡ INFO   lib2k26 ⚡ Snapshotting table Hospo Drop Packages (tblGrnsU4gkiQSdrk)
2026-05-20 14:00:21 ⚡ INFO   lib2k26 ⚡ Snapshotting table Hospo Package Rules (tbldZGkmJt3ngOayL)
2026-05-20 14:00:21 ⚡ INFO   lib2k26 ⚡ Snapshotting table Sponsorship Inventory (tblU9d4MqSPf7ME89)
2026-05-20 14:00:22 ⚡ INFO   lib2k26 ⚡ Snapshotting table Sponsors (tbldO4AuVzbpx5Qp2)
2026-05-20 14:00:23 ⚡ INFO   lib2k26 ⚡ Snapshotting table Artist Meals (tblggaMH2ox7OjH5p)
2026-05-20 14:00:23 ⚡ INFO   lib2k26 ⚡ Snapshotting table Credentials (tblN7CtBQEbZNr4LF)
2026-05-20 14:00:26 ⚡ INFO   lib2k26 ⚡ Snapshotting table Parking Passes (tbl55AoFxpFY2uxlN)
2026-05-20 14:00:26 ⚡ INFO   lib2k26 ⚡ Snapshotting table ARTIST CAMP - WORKING (tblEJnw2vhQ3STZUA)
2026-05-20 14:00:28 ⚡ INFO   lib2k26 ⚡ Snapshotting table Intake -Artist Camp Advance (tblgOqoIMmvhJv5L9)
2026-05-20 14:00:29 ⚡ INFO   lib2k26 ⚡ Snapshotting table ⛺️ Camp Inventory Pull (2026) (tblqxDuvWHS64Csuy)
2026-05-20 14:00:29 ⚡ INFO   lib2k26 ⚡ Snapshotting table Camp Package Rules (tbl2o1D6T1y0rTXPm)
2026-05-20 14:00:30 ⚡ INFO   lib2k26 ⚡ Snapshotting table Camp Inventory Items 2025 (tblSRk3UWkRuet30P)
2026-05-20 14:00:30 ⚡ INFO   lib2k26 ⚡ Snapshotting table ARTIST CAMP GUESTS (tbllWzqvTWftMcw8m)
2026-05-20 14:00:31 ⚡ INFO   lib2k26 ⚡ Snapshotting table Artist Parking Allocation (tblKRohyFmvRMA6QD)
2026-05-20 14:00:31 ⚡ INFO   lib2k26 ⚡ Snapshotting table Intake - Artist Parking Allocation (tbllliVvTVRVwozbI)
2026-05-20 14:00:32 ⚡ INFO   lib2k26 ⚡ Snapshotting table Intake - Artist Late Night Arrivals (tblHe8QUxnKxg88L6)
2026-05-20 14:00:32 ⚡ INFO   lib2k26 ⚡ Snapshotting table Artist Late Night Arrivals (tbltlcusGyIFgSIoT)
2026-05-20 14:00:32 ⚡ INFO   lib2k26 ⚡ Snapshotting table Intake- Staff Advance (tblA86huuajOVIgJf)
2026-05-20 14:00:33 ⚡ INFO   lib2k26 ⚡ Snapshotting table Staff (tblFrD2ftAM5MT5Si)
2026-05-20 14:00:33 ⚡ INFO   lib2k26 ⚡ Snapshotting table AR LTM (tblc3dPxvCgHqUjgv)
2026-05-20 14:00:40 ⚡ INFO   lib2k26 ⚡ Snapshotting table Tasks (tblhY6yikUSdlUi0p)
2026-05-20 14:00:40 ⚡ INFO   lib2k26 ⚡ Snapshotting table Compass (tblDosZPtHSc0ijwN)
2026-05-20 14:00:41 ⚡ INFO   lib2k26 ⚡ Snapshotting table Intake - Compass Advance (tblkTpXomNG0JmxSR)
2026-05-20 14:00:41 ⚡ INFO   lib2k26 ⚡ Snapshotting table Compass Credentials (tbl5yhlX1s5R8Kf7q)
2026-05-20 14:00:42 ⚡ INFO   lib2k26 ⚡ Snapshotting table 📋 Intake - Transpo (tbl6uY5c8pdPUlpng)
2026-05-20 14:00:42 ⚡ INFO   lib2k26 ⚡ Snapshotting table Expenses (tblcUmYd88vACMdxF)
2026-05-20 14:00:43 ⚡ INFO   lib2k26 ⚡ Snapshotting table Artist Camp (tblZb4345KjxACGMh)
2026-05-20 14:00:43 ⚡ INFO   lib2k26 ⚡ Snapshotting table 🚙 Transpo (tbldUVUIAGQXMr160)
2026-05-20 14:00:45 ⚡ INFO   lib2k26 ⚡ Snapshotting table ROS (tblZM3BaqEGRjwVcS)
2026-05-20 14:00:45 ⚡ INFO   lib2k26 ⚡ Snapshotting table Advance (tblpDz0eBIYml9oxI)
2026-05-20 14:00:46 ⚡ INFO   lib2k26 ⚡ Snapshotting table ✈️ Flights (tblQcIHXNCm4iUiXx)
2026-05-20 14:00:47 ⚡ INFO   lib2k26 ⚡ Snapshotting table Credentials_automation (tblvRJKSSRTLkwcK3)
2026-05-20 14:00:50 ⚡ INFO   lib2k26 ⚡ Base snapshot complete: backups/base_snapshot_appyqjuyl4yAziSAf_20260520T210001Z (44 tables)
